// Jest Snapshot v1, https://goo.gl/fbAQLP

exports[`renders correctly 1`] = `
<section
  className="max-w-[1250px] mx-auto my-[50px]"
>
  <div>
    <div
      className="flex flex-col font-poppins mb-10"
    >
      <div
        className="grid grid-cols-2 gap-x-10 text-[7vw] md:text-[5vw] lg:text-[3vw] text-bubble-gum font-bold py-5 text-center lg:text-left ml-[28vw] md:ml-[26vw] lg:ml-0 w-full"
      >
        <span
          className="bg-high-lighter bg-[length:45vw_100%] md:bg-[length:32vw_100%] lg:bg-[length:50%_100%] bg-no-repeat md:bg-center lg:bg-left-bottom"
        >
          <button
            className="lg:ml-9"
            onClick={[Function]}
          >
            Categories
          </button>
        </span>
        <span
          className="bg-high-lighter bg-[length:50%_100%] bg-[center] bg-no-repeat hidden lg:block text-center"
        >
          <h2>
            Price Filter
          </h2>
        </span>
      </div>
      <div
        className="flex flex-col lg:flex-row justify-between shadow-2xl rounded-[8vw] lg:rounded-full items-center lg:pr-20 py-10"
      >
        <span
          className="grid grid-cols-4 gap-4 md:gap-28 lg:gap-4 pb-10 lg:pb-0 mx-auto pr-4 lg:px-0"
        >
          <button
            className="ml-4"
            onClick={[Function]}
          >
            <img
              alt="Book"
              className="rounded-lg"
              data-nimg="1"
              decoding="async"
              height={150}
              loading="lazy"
              onError={[Function]}
              onLoad={[Function]}
              src="/_next/image?url=%2Fimages%2FBook.png&w=384&q=75"
              srcSet="/_next/image?url=%2Fimages%2FBook.png&w=256&q=75 1x, /_next/image?url=%2Fimages%2FBook.png&w=384&q=75 2x"
              style={
                Object {
                  "color": "transparent",
                }
              }
              width={150}
            />
          </button>
          <button
            className="ml-4"
            onClick={[Function]}
          >
            <img
              alt="Furniture"
              className="rounded-lg"
              data-nimg="1"
              decoding="async"
              height={150}
              loading="lazy"
              onError={[Function]}
              onLoad={[Function]}
              src="/_next/image?url=%2Fimages%2FFurniture.png&w=384&q=75"
              srcSet="/_next/image?url=%2Fimages%2FFurniture.png&w=256&q=75 1x, /_next/image?url=%2Fimages%2FFurniture.png&w=384&q=75 2x"
              style={
                Object {
                  "color": "transparent",
                }
              }
              width={150}
            />
          </button>
          <button
            className="ml-4"
            onClick={[Function]}
          >
            <img
              alt="Electronics"
              className="rounded-lg"
              data-nimg="1"
              decoding="async"
              height={150}
              loading="lazy"
              onError={[Function]}
              onLoad={[Function]}
              src="/_next/image?url=%2Fimages%2FElectronic.png&w=384&q=75"
              srcSet="/_next/image?url=%2Fimages%2FElectronic.png&w=256&q=75 1x, /_next/image?url=%2Fimages%2FElectronic.png&w=384&q=75 2x"
              style={
                Object {
                  "color": "transparent",
                }
              }
              width={150}
            />
          </button>
          <button
            className="ml-4"
            onClick={[Function]}
          >
            <img
              alt="Two-wheeler"
              className="rounded-lg"
              data-nimg="1"
              decoding="async"
              height={150}
              loading="lazy"
              onError={[Function]}
              onLoad={[Function]}
              src="/_next/image?url=%2Fimages%2FTwo-wheeler.png&w=384&q=75"
              srcSet="/_next/image?url=%2Fimages%2FTwo-wheeler.png&w=256&q=75 1x, /_next/image?url=%2Fimages%2FTwo-wheeler.png&w=384&q=75 2x"
              style={
                Object {
                  "color": "transparent",
                }
              }
              width={150}
            />
          </button>
        </span>
        <span
          className="w-[70vw] md:w-[40vw] lg:w-[400px]"
        >
          <img
            alt="..."
            data-nimg="1"
            decoding="async"
            height={400}
            loading="lazy"
            onError={[Function]}
            onLoad={[Function]}
            src="/_next/image?url=%2FImages%2FPrice-Filter.png&w=828&q=75"
            srcSet="/_next/image?url=%2FImages%2FPrice-Filter.png&w=640&q=75 1x, /_next/image?url=%2FImages%2FPrice-Filter.png&w=828&q=75 2x"
            style={
              Object {
                "color": "transparent",
              }
            }
            width={400}
          />
        </span>
      </div>
    </div>
    <div>
      <div
        className="carts grid xl:grid-cols-4 lg:grid-cols-4 md:grid-cols-2 sm:grid-cols-1 m-auto w-full"
      >
        <div
          className="cart mx-3 mb-10 border rounded-lg shadow-lg"
        >
          <img
            alt="Moog Synthesizer"
            className="rounded-t-lg shadow-lg w-full"
            data-nimg="1"
            decoding="async"
            height={211.41}
            loading="lazy"
            onError={[Function]}
            onLoad={[Function]}
            src="/_next/image?url=%2FproductImg.png&w=640&q=75"
            srcSet="/_next/image?url=%2FproductImg.png&w=384&q=75 1x, /_next/image?url=%2FproductImg.png&w=640&q=75 2x"
            style={
              Object {
                "color": "transparent",
              }
            }
            width={258}
          />
          <div
            className="mx-3 text-center"
          >
            <div
              className="info flex justify-between my-4 mx-3"
            >
              <div
                className="text-left"
              >
                <h2
                  className="font-semibold"
                >
                  Moog Synthesizer
                </h2>
                <p
                  className="font-extralight text-xs"
                >
                  Books
                </p>
              </div>
              <div>
                <h2
                  className="font-extrabold text-xl"
                >
                  $
                  10
                </h2>
                <p
                  className="font-extralight text-xs"
                >
                  Istanbul / Turkey
                </p>
              </div>
            </div>
          </div>
        </div>
        <div
          className="cart mx-3 mb-10 border rounded-lg shadow-lg"
        >
          <img
            alt="Moog Synthesizer"
            className="rounded-t-lg shadow-lg w-full"
            data-nimg="1"
            decoding="async"
            height={211.41}
            loading="lazy"
            onError={[Function]}
            onLoad={[Function]}
            src="/_next/image?url=%2FproductImg.png&w=640&q=75"
            srcSet="/_next/image?url=%2FproductImg.png&w=384&q=75 1x, /_next/image?url=%2FproductImg.png&w=640&q=75 2x"
            style={
              Object {
                "color": "transparent",
              }
            }
            width={258}
          />
          <div
            className="mx-3 text-center"
          >
            <div
              className="info flex justify-between my-4 mx-3"
            >
              <div
                className="text-left"
              >
                <h2
                  className="font-semibold"
                >
                  Moog Synthesizer
                </h2>
                <p
                  className="font-extralight text-xs"
                >
                  Furniture
                </p>
              </div>
              <div>
                <h2
                  className="font-extrabold text-xl"
                >
                  $
                  20
                </h2>
                <p
                  className="font-extralight text-xs"
                >
                  Istanbul / Turkey
                </p>
              </div>
            </div>
          </div>
        </div>
        <div
          className="cart mx-3 mb-10 border rounded-lg shadow-lg"
        >
          <img
            alt="Moog Synthesizer"
            className="rounded-t-lg shadow-lg w-full"
            data-nimg="1"
            decoding="async"
            height={211.41}
            loading="lazy"
            onError={[Function]}
            onLoad={[Function]}
            src="/_next/image?url=%2FproductImg.png&w=640&q=75"
            srcSet="/_next/image?url=%2FproductImg.png&w=384&q=75 1x, /_next/image?url=%2FproductImg.png&w=640&q=75 2x"
            style={
              Object {
                "color": "transparent",
              }
            }
            width={258}
          />
          <div
            className="mx-3 text-center"
          >
            <div
              className="info flex justify-between my-4 mx-3"
            >
              <div
                className="text-left"
              >
                <h2
                  className="font-semibold"
                >
                  Moog Synthesizer
                </h2>
                <p
                  className="font-extralight text-xs"
                >
                  Furniture
                </p>
              </div>
              <div>
                <h2
                  className="font-extrabold text-xl"
                >
                  $
                  30
                </h2>
                <p
                  className="font-extralight text-xs"
                >
                  Istanbul / Turkey
                </p>
              </div>
            </div>
          </div>
        </div>
        <div
          className="cart mx-3 mb-10 border rounded-lg shadow-lg"
        >
          <img
            alt="Moog Synthesizer"
            className="rounded-t-lg shadow-lg w-full"
            data-nimg="1"
            decoding="async"
            height={211.41}
            loading="lazy"
            onError={[Function]}
            onLoad={[Function]}
            src="/_next/image?url=%2FproductImg.png&w=640&q=75"
            srcSet="/_next/image?url=%2FproductImg.png&w=384&q=75 1x, /_next/image?url=%2FproductImg.png&w=640&q=75 2x"
            style={
              Object {
                "color": "transparent",
              }
            }
            width={258}
          />
          <div
            className="mx-3 text-center"
          >
            <div
              className="info flex justify-between my-4 mx-3"
            >
              <div
                className="text-left"
              >
                <h2
                  className="font-semibold"
                >
                  Moog Synthesizer
                </h2>
                <p
                  className="font-extralight text-xs"
                >
                  Electronics
                </p>
              </div>
              <div>
                <h2
                  className="font-extrabold text-xl"
                >
                  $
                  40
                </h2>
                <p
                  className="font-extralight text-xs"
                >
                  Istanbul / Turkey
                </p>
              </div>
            </div>
          </div>
        </div>
        <div
          className="cart mx-3 mb-10 border rounded-lg shadow-lg"
        >
          <img
            alt="Moog Synthesizer"
            className="rounded-t-lg shadow-lg w-full"
            data-nimg="1"
            decoding="async"
            height={211.41}
            loading="lazy"
            onError={[Function]}
            onLoad={[Function]}
            src="/_next/image?url=%2FproductImg.png&w=640&q=75"
            srcSet="/_next/image?url=%2FproductImg.png&w=384&q=75 1x, /_next/image?url=%2FproductImg.png&w=640&q=75 2x"
            style={
              Object {
                "color": "transparent",
              }
            }
            width={258}
          />
          <div
            className="mx-3 text-center"
          >
            <div
              className="info flex justify-between my-4 mx-3"
            >
              <div
                className="text-left"
              >
                <h2
                  className="font-semibold"
                >
                  Moog Synthesizer
                </h2>
                <p
                  className="font-extralight text-xs"
                >
                  Two-wheeler
                </p>
              </div>
              <div>
                <h2
                  className="font-extrabold text-xl"
                >
                  $
                  50
                </h2>
                <p
                  className="font-extralight text-xs"
                >
                  Istanbul / Turkey
                </p>
              </div>
            </div>
          </div>
        </div>
        <div
          className="cart mx-3 mb-10 border rounded-lg shadow-lg"
        >
          <img
            alt="Moog Synthesizer"
            className="rounded-t-lg shadow-lg w-full"
            data-nimg="1"
            decoding="async"
            height={211.41}
            loading="lazy"
            onError={[Function]}
            onLoad={[Function]}
            src="/_next/image?url=%2FproductImg.png&w=640&q=75"
            srcSet="/_next/image?url=%2FproductImg.png&w=384&q=75 1x, /_next/image?url=%2FproductImg.png&w=640&q=75 2x"
            style={
              Object {
                "color": "transparent",
              }
            }
            width={258}
          />
          <div
            className="mx-3 text-center"
          >
            <div
              className="info flex justify-between my-4 mx-3"
            >
              <div
                className="text-left"
              >
                <h2
                  className="font-semibold"
                >
                  Moog Synthesizer
                </h2>
                <p
                  className="font-extralight text-xs"
                >
                  Two-wheeler
                </p>
              </div>
              <div>
                <h2
                  className="font-extrabold text-xl"
                >
                  $
                  60
                </h2>
                <p
                  className="font-extralight text-xs"
                >
                  Istanbul / Turkey
                </p>
              </div>
            </div>
          </div>
        </div>
        <div
          className="cart mx-3 mb-10 border rounded-lg shadow-lg"
        >
          <img
            alt="Moog Synthesizer"
            className="rounded-t-lg shadow-lg w-full"
            data-nimg="1"
            decoding="async"
            height={211.41}
            loading="lazy"
            onError={[Function]}
            onLoad={[Function]}
            src="/_next/image?url=%2FproductImg.png&w=640&q=75"
            srcSet="/_next/image?url=%2FproductImg.png&w=384&q=75 1x, /_next/image?url=%2FproductImg.png&w=640&q=75 2x"
            style={
              Object {
                "color": "transparent",
              }
            }
            width={258}
          />
          <div
            className="mx-3 text-center"
          >
            <div
              className="info flex justify-between my-4 mx-3"
            >
              <div
                className="text-left"
              >
                <h2
                  className="font-semibold"
                >
                  Moog Synthesizer
                </h2>
                <p
                  className="font-extralight text-xs"
                >
                  Two-wheeler
                </p>
              </div>
              <div>
                <h2
                  className="font-extrabold text-xl"
                >
                  $
                  70
                </h2>
                <p
                  className="font-extralight text-xs"
                >
                  Istanbul / Turkey
                </p>
              </div>
            </div>
          </div>
        </div>
        <div
          className="cart mx-3 mb-10 border rounded-lg shadow-lg"
        >
          <img
            alt="Moog Synthesizer"
            className="rounded-t-lg shadow-lg w-full"
            data-nimg="1"
            decoding="async"
            height={211.41}
            loading="lazy"
            onError={[Function]}
            onLoad={[Function]}
            src="/_next/image?url=%2FproductImg.png&w=640&q=75"
            srcSet="/_next/image?url=%2FproductImg.png&w=384&q=75 1x, /_next/image?url=%2FproductImg.png&w=640&q=75 2x"
            style={
              Object {
                "color": "transparent",
              }
            }
            width={258}
          />
          <div
            className="mx-3 text-center"
          >
            <div
              className="info flex justify-between my-4 mx-3"
            >
              <div
                className="text-left"
              >
                <h2
                  className="font-semibold"
                >
                  Moog Synthesizer
                </h2>
                <p
                  className="font-extralight text-xs"
                >
                  Two-wheeler
                </p>
              </div>
              <div>
                <h2
                  className="font-extrabold text-xl"
                >
                  $
                  80
                </h2>
                <p
                  className="font-extralight text-xs"
                >
                  Istanbul / Turkey
                </p>
              </div>
            </div>
          </div>
        </div>
        <div
          className="cart mx-3 mb-10 border rounded-lg shadow-lg"
        >
          <img
            alt="Moog Synthesizer"
            className="rounded-t-lg shadow-lg w-full"
            data-nimg="1"
            decoding="async"
            height={211.41}
            loading="lazy"
            onError={[Function]}
            onLoad={[Function]}
            src="/_next/image?url=%2FproductImg.png&w=640&q=75"
            srcSet="/_next/image?url=%2FproductImg.png&w=384&q=75 1x, /_next/image?url=%2FproductImg.png&w=640&q=75 2x"
            style={
              Object {
                "color": "transparent",
              }
            }
            width={258}
          />
          <div
            className="mx-3 text-center"
          >
            <div
              className="info flex justify-between my-4 mx-3"
            >
              <div
                className="text-left"
              >
                <h2
                  className="font-semibold"
                >
                  Moog Synthesizer
                </h2>
                <p
                  className="font-extralight text-xs"
                >
                  Two-wheeler
                </p>
              </div>
              <div>
                <h2
                  className="font-extrabold text-xl"
                >
                  $
                  90
                </h2>
                <p
                  className="font-extralight text-xs"
                >
                  Istanbul / Turkey
                </p>
              </div>
            </div>
          </div>
        </div>
        <div
          className="cart mx-3 mb-10 border rounded-lg shadow-lg"
        >
          <img
            alt="Moog Synthesizer"
            className="rounded-t-lg shadow-lg w-full"
            data-nimg="1"
            decoding="async"
            height={211.41}
            loading="lazy"
            onError={[Function]}
            onLoad={[Function]}
            src="/_next/image?url=%2FproductImg.png&w=640&q=75"
            srcSet="/_next/image?url=%2FproductImg.png&w=384&q=75 1x, /_next/image?url=%2FproductImg.png&w=640&q=75 2x"
            style={
              Object {
                "color": "transparent",
              }
            }
            width={258}
          />
          <div
            className="mx-3 text-center"
          >
            <div
              className="info flex justify-between my-4 mx-3"
            >
              <div
                className="text-left"
              >
                <h2
                  className="font-semibold"
                >
                  Moog Synthesizer
                </h2>
                <p
                  className="font-extralight text-xs"
                >
                  Two-wheeler
                </p>
              </div>
              <div>
                <h2
                  className="font-extrabold text-xl"
                >
                  $
                  100
                </h2>
                <p
                  className="font-extralight text-xs"
                >
                  Istanbul / Turkey
                </p>
              </div>
            </div>
          </div>
        </div>
        <div
          className="cart mx-3 mb-10 border rounded-lg shadow-lg"
        >
          <img
            alt="Moog Synthesizer"
            className="rounded-t-lg shadow-lg w-full"
            data-nimg="1"
            decoding="async"
            height={211.41}
            loading="lazy"
            onError={[Function]}
            onLoad={[Function]}
            src="/_next/image?url=%2FproductImg.png&w=640&q=75"
            srcSet="/_next/image?url=%2FproductImg.png&w=384&q=75 1x, /_next/image?url=%2FproductImg.png&w=640&q=75 2x"
            style={
              Object {
                "color": "transparent",
              }
            }
            width={258}
          />
          <div
            className="mx-3 text-center"
          >
            <div
              className="info flex justify-between my-4 mx-3"
            >
              <div
                className="text-left"
              >
                <h2
                  className="font-semibold"
                >
                  Moog Synthesizer
                </h2>
                <p
                  className="font-extralight text-xs"
                >
                  Electronics
                </p>
              </div>
              <div>
                <h2
                  className="font-extrabold text-xl"
                >
                  $
                  200
                </h2>
                <p
                  className="font-extralight text-xs"
                >
                  Istanbul / Turkey
                </p>
              </div>
            </div>
          </div>
        </div>
        <div
          className="cart mx-3 mb-10 border rounded-lg shadow-lg"
        >
          <img
            alt="Moog Synthesizer"
            className="rounded-t-lg shadow-lg w-full"
            data-nimg="1"
            decoding="async"
            height={211.41}
            loading="lazy"
            onError={[Function]}
            onLoad={[Function]}
            src="/_next/image?url=%2FproductImg.png&w=640&q=75"
            srcSet="/_next/image?url=%2FproductImg.png&w=384&q=75 1x, /_next/image?url=%2FproductImg.png&w=640&q=75 2x"
            style={
              Object {
                "color": "transparent",
              }
            }
            width={258}
          />
          <div
            className="mx-3 text-center"
          >
            <div
              className="info flex justify-between my-4 mx-3"
            >
              <div
                className="text-left"
              >
                <h2
                  className="font-semibold"
                >
                  Moog Synthesizer
                </h2>
                <p
                  className="font-extralight text-xs"
                >
                  Electronics
                </p>
              </div>
              <div>
                <h2
                  className="font-extrabold text-xl"
                >
                  $
                  300
                </h2>
                <p
                  className="font-extralight text-xs"
                >
                  Istanbul / Turkey
                </p>
              </div>
            </div>
          </div>
        </div>
        <div
          className="cart mx-3 mb-10 border rounded-lg shadow-lg"
        >
          <img
            alt="Moog Synthesizer"
            className="rounded-t-lg shadow-lg w-full"
            data-nimg="1"
            decoding="async"
            height={211.41}
            loading="lazy"
            onError={[Function]}
            onLoad={[Function]}
            src="/_next/image?url=%2FproductImg.png&w=640&q=75"
            srcSet="/_next/image?url=%2FproductImg.png&w=384&q=75 1x, /_next/image?url=%2FproductImg.png&w=640&q=75 2x"
            style={
              Object {
                "color": "transparent",
              }
            }
            width={258}
          />
          <div
            className="mx-3 text-center"
          >
            <div
              className="info flex justify-between my-4 mx-3"
            >
              <div
                className="text-left"
              >
                <h2
                  className="font-semibold"
                >
                  Moog Synthesizer
                </h2>
                <p
                  className="font-extralight text-xs"
                >
                  Electronics
                </p>
              </div>
              <div>
                <h2
                  className="font-extrabold text-xl"
                >
                  $
                  500
                </h2>
                <p
                  className="font-extralight text-xs"
                >
                  Istanbul / Turkey
                </p>
              </div>
            </div>
          </div>
        </div>
        <div
          className="cart mx-3 mb-10 border rounded-lg shadow-lg"
        >
          <img
            alt="Moog Synthesizer"
            className="rounded-t-lg shadow-lg w-full"
            data-nimg="1"
            decoding="async"
            height={211.41}
            loading="lazy"
            onError={[Function]}
            onLoad={[Function]}
            src="/_next/image?url=%2FproductImg.png&w=640&q=75"
            srcSet="/_next/image?url=%2FproductImg.png&w=384&q=75 1x, /_next/image?url=%2FproductImg.png&w=640&q=75 2x"
            style={
              Object {
                "color": "transparent",
              }
            }
            width={258}
          />
          <div
            className="mx-3 text-center"
          >
            <div
              className="info flex justify-between my-4 mx-3"
            >
              <div
                className="text-left"
              >
                <h2
                  className="font-semibold"
                >
                  Moog Synthesizer
                </h2>
                <p
                  className="font-extralight text-xs"
                >
                  Electronics
                </p>
              </div>
              <div>
                <h2
                  className="font-extrabold text-xl"
                >
                  $
                  600
                </h2>
                <p
                  className="font-extralight text-xs"
                >
                  Istanbul / Turkey
                </p>
              </div>
            </div>
          </div>
        </div>
        <div
          className="cart mx-3 mb-10 border rounded-lg shadow-lg"
        >
          <img
            alt="Moog Synthesizer"
            className="rounded-t-lg shadow-lg w-full"
            data-nimg="1"
            decoding="async"
            height={211.41}
            loading="lazy"
            onError={[Function]}
            onLoad={[Function]}
            src="/_next/image?url=%2FproductImg.png&w=640&q=75"
            srcSet="/_next/image?url=%2FproductImg.png&w=384&q=75 1x, /_next/image?url=%2FproductImg.png&w=640&q=75 2x"
            style={
              Object {
                "color": "transparent",
              }
            }
            width={258}
          />
          <div
            className="mx-3 text-center"
          >
            <div
              className="info flex justify-between my-4 mx-3"
            >
              <div
                className="text-left"
              >
                <h2
                  className="font-semibold"
                >
                  Moog Synthesizer
                </h2>
                <p
                  className="font-extralight text-xs"
                >
                  Electronics
                </p>
              </div>
              <div>
                <h2
                  className="font-extrabold text-xl"
                >
                  $
                  700
                </h2>
                <p
                  className="font-extralight text-xs"
                >
                  Istanbul / Turkey
                </p>
              </div>
            </div>
          </div>
        </div>
        <div
          className="cart mx-3 mb-10 border rounded-lg shadow-lg"
        >
          <img
            alt="Moog Synthesizer"
            className="rounded-t-lg shadow-lg w-full"
            data-nimg="1"
            decoding="async"
            height={211.41}
            loading="lazy"
            onError={[Function]}
            onLoad={[Function]}
            src="/_next/image?url=%2FproductImg.png&w=640&q=75"
            srcSet="/_next/image?url=%2FproductImg.png&w=384&q=75 1x, /_next/image?url=%2FproductImg.png&w=640&q=75 2x"
            style={
              Object {
                "color": "transparent",
              }
            }
            width={258}
          />
          <div
            className="mx-3 text-center"
          >
            <div
              className="info flex justify-between my-4 mx-3"
            >
              <div
                className="text-left"
              >
                <h2
                  className="font-semibold"
                >
                  Moog Synthesizer
                </h2>
                <p
                  className="font-extralight text-xs"
                >
                  Electronics
                </p>
              </div>
              <div>
                <h2
                  className="font-extrabold text-xl"
                >
                  $
                  800
                </h2>
                <p
                  className="font-extralight text-xs"
                >
                  Istanbul / Turkey
                </p>
              </div>
            </div>
          </div>
        </div>
      </div>
    </div>
  </div>
</section>
`;
