// Jest Snapshot v1, https://goo.gl/fbAQLP

exports[`renders correctly 1`] = `
<div
  className="my-6 flex flex-col"
>
  <div
    className="my-6 flex justify-between mx-8 font-poppins font-bold text-bubble-gum"
  >
    <button
      className="text-[38px] bg-high-lighter"
      onClick={[Function]}
    >
      Categories
    </button>
    <h2
      className="text-[38px] bg-high-lighter mr-52 hidden sm:block md:hidden lg:block"
    >
      Price Filter
    </h2>
  </div>
  <div
    className="flex justify-between shadow-2xl py-4 rounded-full"
  >
    <span />
    <h1>
      HI
    </h1>
  </div>
</div>
`;
