// Jest Snapshot v1, https://goo.gl/fbAQLP

exports[`renders correctly 1`] = `
<div
  className="mx-[0px] my-[0px] max-w-[1250px] mr-auto ml-auto"
>
  <div
    className="zoom-out keen-slider px-15 static pt-0"
  >
    <div
      className="keen-slider__slide absolute w-full h-full"
    >
      <div
        className="mx-10 relative"
        style={{}}
      >
        <div
          className="absolute mt-52"
        >
          <h1
            className="text-3xl font-extrabold text-purple sm:text-5xl"
          >
            Let's Start
          </h1>
          <h1
            className="block text-2xl font-extrabold sm:text-3xl"
          >
            Selling Items📦
          </h1>
          <br />
          <a
            class="inline-block w-20 rounded bg-purple px-12 py-4 text-sm font-medium text-white shadow hover:bg-purple-dark focus:outline-none focus:ring active:bg-purple-almostblack sm:w-auto"
            href="/listing"
            onClick={[Function]}
            onMouseEnter={[Function]}
            onTouchStart={[Function]}
          >
            Get Started
          </a>
        </div>
        <img
          alt="..."
          className=" w-full h-full object-cover bg-transparent"
          data-nimg="1"
          decoding="async"
          height={500}
          loading="lazy"
          onError={[Function]}
          onLoad={[Function]}
          src="/_next/image?url=%2Fimages%2Fstudent%20store.png&w=3840&q=75"
          srcSet="/_next/image?url=%2Fimages%2Fstudent%20store.png&w=1200&q=75 1x, /_next/image?url=%2Fimages%2Fstudent%20store.png&w=3840&q=75 2x"
          style={
            {
              "color": "transparent",
            }
          }
          width={1123}
        />
      </div>
    </div>
    <div
      className="keen-slider__slide absolute w-full h-full"
    >
      <div
        className="mx-10 relative"
        style={{}}
      >
        <div
          className="absolute mt-52"
        >
          <h1
            className="text-3xl font-extrabold text-purple sm:text-5xl"
          />
          <h1
            className="block text-2xl font-extrabold sm:text-3xl"
          />
          <br />
          <a
            class="hidden w-20 rounded bg-purple px-12 py-4 text-sm font-medium text-white shadow hover:bg-purple-dark focus:outline-none focus:ring active:bg-purple-almostblack sm:w-auto"
            href="/listing"
            onClick={[Function]}
            onMouseEnter={[Function]}
            onTouchStart={[Function]}
          >
            Get Started
          </a>
        </div>
        <img
          alt="..."
          className=" w-full h-full object-cover bg-transparent"
          data-nimg="1"
          decoding="async"
          height={500}
          loading="lazy"
          onError={[Function]}
          onLoad={[Function]}
          src="/_next/image?url=https%3A%2F%2Fimages.unsplash.com%2Fphoto-1590004953392-5aba2e72269a%3Fixlib%3Drb-1.2.1%26ixid%3DeyJhcHBfaWQiOjEyMDd9%26auto%3Dformat%26fit%3Dcrop%26h%3D500%26w%3D800%26q%3D80&w=3840&q=75"
          srcSet="/_next/image?url=https%3A%2F%2Fimages.unsplash.com%2Fphoto-1590004953392-5aba2e72269a%3Fixlib%3Drb-1.2.1%26ixid%3DeyJhcHBfaWQiOjEyMDd9%26auto%3Dformat%26fit%3Dcrop%26h%3D500%26w%3D800%26q%3D80&w=1200&q=75 1x, /_next/image?url=https%3A%2F%2Fimages.unsplash.com%2Fphoto-1590004953392-5aba2e72269a%3Fixlib%3Drb-1.2.1%26ixid%3DeyJhcHBfaWQiOjEyMDd9%26auto%3Dformat%26fit%3Dcrop%26h%3D500%26w%3D800%26q%3D80&w=3840&q=75 2x"
          style={
            {
              "color": "transparent",
            }
          }
          width={1123}
        />
      </div>
    </div>
  </div>
</div>
`;
