// Jest Snapshot v1, https://goo.gl/fbAQLP

exports[`renders correctly 1`] = `
<div>
  <section
    className="max-w-[1250px] mx-auto my-[50px]"
  >
    <div>
      <div
        className="my-6 flex flex-col"
      >
        <div
          className="my-6 flex w-full justify-between mx-8 font-poppins font-bold text-bubble-gum"
        >
          <span
            className="bg-high-lighter px-7 bg-[center_top_0.7rem] mx-10 bg-[length:97%_50px]  bg-no-repeat"
          >
            <button
              className="text-[38px]"
              onClick={[Function]}
            >
              Categories
            </button>
          </span>
          <span
            className="bg-high-lighter px-7 bg-[center_top_0.9rem] mx-10 bg-[length:110%_50px] bg-no-repeat  mr-52"
          >
            <h2
              className="text-[38px] hidden sm:block md:hidden lg:block"
            >
              Price Filter
            </h2>
          </span>
        </div>
        <div
          className="flex justify-between shadow-2xl py-4 rounded-full"
        >
          <span>
            <button
              className="ml-6"
              onClick={[Function]}
            >
              <img
                alt="Book"
                className="rounded-lg w-[20]"
                data-nimg="1"
                decoding="async"
                height={120}
                loading="lazy"
                onError={[Function]}
                onLoad={[Function]}
                src="/_next/image?url=%2Fimages%2FBook.png&w=256&q=75"
                srcSet="/_next/image?url=%2Fimages%2FBook.png&w=128&q=75 1x, /_next/image?url=%2Fimages%2FBook.png&w=256&q=75 2x"
                style={
                  Object {
                    "color": "transparent",
                  }
                }
                width={120}
              />
            </button>
            <button
              className="ml-6"
              onClick={[Function]}
            >
              <img
                alt="Furniture"
                className="rounded-lg w-[20]"
                data-nimg="1"
                decoding="async"
                height={120}
                loading="lazy"
                onError={[Function]}
                onLoad={[Function]}
                src="/_next/image?url=%2Fimages%2FFurniture.png&w=256&q=75"
                srcSet="/_next/image?url=%2Fimages%2FFurniture.png&w=128&q=75 1x, /_next/image?url=%2Fimages%2FFurniture.png&w=256&q=75 2x"
                style={
                  Object {
                    "color": "transparent",
                  }
                }
                width={120}
              />
            </button>
            <button
              className="ml-6"
              onClick={[Function]}
            >
              <img
                alt="Electronics"
                className="rounded-lg w-[20]"
                data-nimg="1"
                decoding="async"
                height={120}
                loading="lazy"
                onError={[Function]}
                onLoad={[Function]}
                src="/_next/image?url=%2Fimages%2FElectronic.png&w=256&q=75"
                srcSet="/_next/image?url=%2Fimages%2FElectronic.png&w=128&q=75 1x, /_next/image?url=%2Fimages%2FElectronic.png&w=256&q=75 2x"
                style={
                  Object {
                    "color": "transparent",
                  }
                }
                width={120}
              />
            </button>
            <button
              className="ml-6"
              onClick={[Function]}
            >
              <img
                alt="Two-wheeler"
                className="rounded-lg w-[20]"
                data-nimg="1"
                decoding="async"
                height={120}
                loading="lazy"
                onError={[Function]}
                onLoad={[Function]}
                src="/_next/image?url=%2Fimages%2FTwo-wheeler.png&w=256&q=75"
                srcSet="/_next/image?url=%2Fimages%2FTwo-wheeler.png&w=128&q=75 1x, /_next/image?url=%2Fimages%2FTwo-wheeler.png&w=256&q=75 2x"
                style={
                  Object {
                    "color": "transparent",
                  }
                }
                width={120}
              />
            </button>
          </span>
          <h1>
            HI
          </h1>
        </div>
      </div>
      <div>
        <div
          className="carts grid xl:grid-cols-4 lg:grid-cols-4 md:grid-cols-2 sm:grid-cols-1 m-auto w-full"
        >
          <div
            className="cart mx-3 mb-10 border rounded-lg shadow-lg"
          >
            <img
              alt="Moog Synthesizer"
              className="rounded-t-lg shadow-lg w-full"
              data-nimg="1"
              decoding="async"
              height={211.41}
              loading="lazy"
              onError={[Function]}
              onLoad={[Function]}
              src="/_next/image?url=%2FproductImg.png&w=640&q=75"
              srcSet="/_next/image?url=%2FproductImg.png&w=384&q=75 1x, /_next/image?url=%2FproductImg.png&w=640&q=75 2x"
              style={
                Object {
                  "color": "transparent",
                }
              }
              width={258}
            />
            <div
              className="mx-3 text-center"
            >
              <div
                className="info flex justify-between my-4 mx-3"
              >
                <div
                  className="text-left"
                >
                  <h2
                    className="font-semibold"
                  >
                    Moog Synthesizer
                  </h2>
                  <p
                    className="font-extralight text-xs"
                  >
                    Books
                  </p>
                </div>
                <div>
                  <h2
                    className="font-extrabold text-xl"
                  >
                    $
                    10
                  </h2>
                  <p
                    className="font-extralight text-xs"
                  >
                    Istanbul / Turkey
                  </p>
                </div>
              </div>
            </div>
          </div>
          <div
            className="cart mx-3 mb-10 border rounded-lg shadow-lg"
          >
            <img
              alt="Moog Synthesizer"
              className="rounded-t-lg shadow-lg w-full"
              data-nimg="1"
              decoding="async"
              height={211.41}
              loading="lazy"
              onError={[Function]}
              onLoad={[Function]}
              src="/_next/image?url=%2FproductImg.png&w=640&q=75"
              srcSet="/_next/image?url=%2FproductImg.png&w=384&q=75 1x, /_next/image?url=%2FproductImg.png&w=640&q=75 2x"
              style={
                Object {
                  "color": "transparent",
                }
              }
              width={258}
            />
            <div
              className="mx-3 text-center"
            >
              <div
                className="info flex justify-between my-4 mx-3"
              >
                <div
                  className="text-left"
                >
                  <h2
                    className="font-semibold"
                  >
                    Moog Synthesizer
                  </h2>
                  <p
                    className="font-extralight text-xs"
                  >
                    Furniture
                  </p>
                </div>
                <div>
                  <h2
                    className="font-extrabold text-xl"
                  >
                    $
                    20
                  </h2>
                  <p
                    className="font-extralight text-xs"
                  >
                    Istanbul / Turkey
                  </p>
                </div>
              </div>
            </div>
          </div>
          <div
            className="cart mx-3 mb-10 border rounded-lg shadow-lg"
          >
            <img
              alt="Moog Synthesizer"
              className="rounded-t-lg shadow-lg w-full"
              data-nimg="1"
              decoding="async"
              height={211.41}
              loading="lazy"
              onError={[Function]}
              onLoad={[Function]}
              src="/_next/image?url=%2FproductImg.png&w=640&q=75"
              srcSet="/_next/image?url=%2FproductImg.png&w=384&q=75 1x, /_next/image?url=%2FproductImg.png&w=640&q=75 2x"
              style={
                Object {
                  "color": "transparent",
                }
              }
              width={258}
            />
            <div
              className="mx-3 text-center"
            >
              <div
                className="info flex justify-between my-4 mx-3"
              >
                <div
                  className="text-left"
                >
                  <h2
                    className="font-semibold"
                  >
                    Moog Synthesizer
                  </h2>
                  <p
                    className="font-extralight text-xs"
                  >
                    Furniture
                  </p>
                </div>
                <div>
                  <h2
                    className="font-extrabold text-xl"
                  >
                    $
                    30
                  </h2>
                  <p
                    className="font-extralight text-xs"
                  >
                    Istanbul / Turkey
                  </p>
                </div>
              </div>
            </div>
          </div>
          <div
            className="cart mx-3 mb-10 border rounded-lg shadow-lg"
          >
            <img
              alt="Moog Synthesizer"
              className="rounded-t-lg shadow-lg w-full"
              data-nimg="1"
              decoding="async"
              height={211.41}
              loading="lazy"
              onError={[Function]}
              onLoad={[Function]}
              src="/_next/image?url=%2FproductImg.png&w=640&q=75"
              srcSet="/_next/image?url=%2FproductImg.png&w=384&q=75 1x, /_next/image?url=%2FproductImg.png&w=640&q=75 2x"
              style={
                Object {
                  "color": "transparent",
                }
              }
              width={258}
            />
            <div
              className="mx-3 text-center"
            >
              <div
                className="info flex justify-between my-4 mx-3"
              >
                <div
                  className="text-left"
                >
                  <h2
                    className="font-semibold"
                  >
                    Moog Synthesizer
                  </h2>
                  <p
                    className="font-extralight text-xs"
                  >
                    Electronics
                  </p>
                </div>
                <div>
                  <h2
                    className="font-extrabold text-xl"
                  >
                    $
                    40
                  </h2>
                  <p
                    className="font-extralight text-xs"
                  >
                    Istanbul / Turkey
                  </p>
                </div>
              </div>
            </div>
          </div>
          <div
            className="cart mx-3 mb-10 border rounded-lg shadow-lg"
          >
            <img
              alt="Moog Synthesizer"
              className="rounded-t-lg shadow-lg w-full"
              data-nimg="1"
              decoding="async"
              height={211.41}
              loading="lazy"
              onError={[Function]}
              onLoad={[Function]}
              src="/_next/image?url=%2FproductImg.png&w=640&q=75"
              srcSet="/_next/image?url=%2FproductImg.png&w=384&q=75 1x, /_next/image?url=%2FproductImg.png&w=640&q=75 2x"
              style={
                Object {
                  "color": "transparent",
                }
              }
              width={258}
            />
            <div
              className="mx-3 text-center"
            >
              <div
                className="info flex justify-between my-4 mx-3"
              >
                <div
                  className="text-left"
                >
                  <h2
                    className="font-semibold"
                  >
                    Moog Synthesizer
                  </h2>
                  <p
                    className="font-extralight text-xs"
                  >
                    Two-wheeler
                  </p>
                </div>
                <div>
                  <h2
                    className="font-extrabold text-xl"
                  >
                    $
                    50
                  </h2>
                  <p
                    className="font-extralight text-xs"
                  >
                    Istanbul / Turkey
                  </p>
                </div>
              </div>
            </div>
          </div>
          <div
            className="cart mx-3 mb-10 border rounded-lg shadow-lg"
          >
            <img
              alt="Moog Synthesizer"
              className="rounded-t-lg shadow-lg w-full"
              data-nimg="1"
              decoding="async"
              height={211.41}
              loading="lazy"
              onError={[Function]}
              onLoad={[Function]}
              src="/_next/image?url=%2FproductImg.png&w=640&q=75"
              srcSet="/_next/image?url=%2FproductImg.png&w=384&q=75 1x, /_next/image?url=%2FproductImg.png&w=640&q=75 2x"
              style={
                Object {
                  "color": "transparent",
                }
              }
              width={258}
            />
            <div
              className="mx-3 text-center"
            >
              <div
                className="info flex justify-between my-4 mx-3"
              >
                <div
                  className="text-left"
                >
                  <h2
                    className="font-semibold"
                  >
                    Moog Synthesizer
                  </h2>
                  <p
                    className="font-extralight text-xs"
                  >
                    Two-wheeler
                  </p>
                </div>
                <div>
                  <h2
                    className="font-extrabold text-xl"
                  >
                    $
                    60
                  </h2>
                  <p
                    className="font-extralight text-xs"
                  >
                    Istanbul / Turkey
                  </p>
                </div>
              </div>
            </div>
          </div>
          <div
            className="cart mx-3 mb-10 border rounded-lg shadow-lg"
          >
            <img
              alt="Moog Synthesizer"
              className="rounded-t-lg shadow-lg w-full"
              data-nimg="1"
              decoding="async"
              height={211.41}
              loading="lazy"
              onError={[Function]}
              onLoad={[Function]}
              src="/_next/image?url=%2FproductImg.png&w=640&q=75"
              srcSet="/_next/image?url=%2FproductImg.png&w=384&q=75 1x, /_next/image?url=%2FproductImg.png&w=640&q=75 2x"
              style={
                Object {
                  "color": "transparent",
                }
              }
              width={258}
            />
            <div
              className="mx-3 text-center"
            >
              <div
                className="info flex justify-between my-4 mx-3"
              >
                <div
                  className="text-left"
                >
                  <h2
                    className="font-semibold"
                  >
                    Moog Synthesizer
                  </h2>
                  <p
                    className="font-extralight text-xs"
                  >
                    Two-wheeler
                  </p>
                </div>
                <div>
                  <h2
                    className="font-extrabold text-xl"
                  >
                    $
                    70
                  </h2>
                  <p
                    className="font-extralight text-xs"
                  >
                    Istanbul / Turkey
                  </p>
                </div>
              </div>
            </div>
          </div>
          <div
            className="cart mx-3 mb-10 border rounded-lg shadow-lg"
          >
            <img
              alt="Moog Synthesizer"
              className="rounded-t-lg shadow-lg w-full"
              data-nimg="1"
              decoding="async"
              height={211.41}
              loading="lazy"
              onError={[Function]}
              onLoad={[Function]}
              src="/_next/image?url=%2FproductImg.png&w=640&q=75"
              srcSet="/_next/image?url=%2FproductImg.png&w=384&q=75 1x, /_next/image?url=%2FproductImg.png&w=640&q=75 2x"
              style={
                Object {
                  "color": "transparent",
                }
              }
              width={258}
            />
            <div
              className="mx-3 text-center"
            >
              <div
                className="info flex justify-between my-4 mx-3"
              >
                <div
                  className="text-left"
                >
                  <h2
                    className="font-semibold"
                  >
                    Moog Synthesizer
                  </h2>
                  <p
                    className="font-extralight text-xs"
                  >
                    Two-wheeler
                  </p>
                </div>
                <div>
                  <h2
                    className="font-extrabold text-xl"
                  >
                    $
                    80
                  </h2>
                  <p
                    className="font-extralight text-xs"
                  >
                    Istanbul / Turkey
                  </p>
                </div>
              </div>
            </div>
          </div>
          <div
            className="cart mx-3 mb-10 border rounded-lg shadow-lg"
          >
            <img
              alt="Moog Synthesizer"
              className="rounded-t-lg shadow-lg w-full"
              data-nimg="1"
              decoding="async"
              height={211.41}
              loading="lazy"
              onError={[Function]}
              onLoad={[Function]}
              src="/_next/image?url=%2FproductImg.png&w=640&q=75"
              srcSet="/_next/image?url=%2FproductImg.png&w=384&q=75 1x, /_next/image?url=%2FproductImg.png&w=640&q=75 2x"
              style={
                Object {
                  "color": "transparent",
                }
              }
              width={258}
            />
            <div
              className="mx-3 text-center"
            >
              <div
                className="info flex justify-between my-4 mx-3"
              >
                <div
                  className="text-left"
                >
                  <h2
                    className="font-semibold"
                  >
                    Moog Synthesizer
                  </h2>
                  <p
                    className="font-extralight text-xs"
                  >
                    Two-wheeler
                  </p>
                </div>
                <div>
                  <h2
                    className="font-extrabold text-xl"
                  >
                    $
                    90
                  </h2>
                  <p
                    className="font-extralight text-xs"
                  >
                    Istanbul / Turkey
                  </p>
                </div>
              </div>
            </div>
          </div>
          <div
            className="cart mx-3 mb-10 border rounded-lg shadow-lg"
          >
            <img
              alt="Moog Synthesizer"
              className="rounded-t-lg shadow-lg w-full"
              data-nimg="1"
              decoding="async"
              height={211.41}
              loading="lazy"
              onError={[Function]}
              onLoad={[Function]}
              src="/_next/image?url=%2FproductImg.png&w=640&q=75"
              srcSet="/_next/image?url=%2FproductImg.png&w=384&q=75 1x, /_next/image?url=%2FproductImg.png&w=640&q=75 2x"
              style={
                Object {
                  "color": "transparent",
                }
              }
              width={258}
            />
            <div
              className="mx-3 text-center"
            >
              <div
                className="info flex justify-between my-4 mx-3"
              >
                <div
                  className="text-left"
                >
                  <h2
                    className="font-semibold"
                  >
                    Moog Synthesizer
                  </h2>
                  <p
                    className="font-extralight text-xs"
                  >
                    Two-wheeler
                  </p>
                </div>
                <div>
                  <h2
                    className="font-extrabold text-xl"
                  >
                    $
                    100
                  </h2>
                  <p
                    className="font-extralight text-xs"
                  >
                    Istanbul / Turkey
                  </p>
                </div>
              </div>
            </div>
          </div>
          <div
            className="cart mx-3 mb-10 border rounded-lg shadow-lg"
          >
            <img
              alt="Moog Synthesizer"
              className="rounded-t-lg shadow-lg w-full"
              data-nimg="1"
              decoding="async"
              height={211.41}
              loading="lazy"
              onError={[Function]}
              onLoad={[Function]}
              src="/_next/image?url=%2FproductImg.png&w=640&q=75"
              srcSet="/_next/image?url=%2FproductImg.png&w=384&q=75 1x, /_next/image?url=%2FproductImg.png&w=640&q=75 2x"
              style={
                Object {
                  "color": "transparent",
                }
              }
              width={258}
            />
            <div
              className="mx-3 text-center"
            >
              <div
                className="info flex justify-between my-4 mx-3"
              >
                <div
                  className="text-left"
                >
                  <h2
                    className="font-semibold"
                  >
                    Moog Synthesizer
                  </h2>
                  <p
                    className="font-extralight text-xs"
                  >
                    Electronics
                  </p>
                </div>
                <div>
                  <h2
                    className="font-extrabold text-xl"
                  >
                    $
                    200
                  </h2>
                  <p
                    className="font-extralight text-xs"
                  >
                    Istanbul / Turkey
                  </p>
                </div>
              </div>
            </div>
          </div>
          <div
            className="cart mx-3 mb-10 border rounded-lg shadow-lg"
          >
            <img
              alt="Moog Synthesizer"
              className="rounded-t-lg shadow-lg w-full"
              data-nimg="1"
              decoding="async"
              height={211.41}
              loading="lazy"
              onError={[Function]}
              onLoad={[Function]}
              src="/_next/image?url=%2FproductImg.png&w=640&q=75"
              srcSet="/_next/image?url=%2FproductImg.png&w=384&q=75 1x, /_next/image?url=%2FproductImg.png&w=640&q=75 2x"
              style={
                Object {
                  "color": "transparent",
                }
              }
              width={258}
            />
            <div
              className="mx-3 text-center"
            >
              <div
                className="info flex justify-between my-4 mx-3"
              >
                <div
                  className="text-left"
                >
                  <h2
                    className="font-semibold"
                  >
                    Moog Synthesizer
                  </h2>
                  <p
                    className="font-extralight text-xs"
                  >
                    Electronics
                  </p>
                </div>
                <div>
                  <h2
                    className="font-extrabold text-xl"
                  >
                    $
                    300
                  </h2>
                  <p
                    className="font-extralight text-xs"
                  >
                    Istanbul / Turkey
                  </p>
                </div>
              </div>
            </div>
          </div>
          <div
            className="cart mx-3 mb-10 border rounded-lg shadow-lg"
          >
            <img
              alt="Moog Synthesizer"
              className="rounded-t-lg shadow-lg w-full"
              data-nimg="1"
              decoding="async"
              height={211.41}
              loading="lazy"
              onError={[Function]}
              onLoad={[Function]}
              src="/_next/image?url=%2FproductImg.png&w=640&q=75"
              srcSet="/_next/image?url=%2FproductImg.png&w=384&q=75 1x, /_next/image?url=%2FproductImg.png&w=640&q=75 2x"
              style={
                Object {
                  "color": "transparent",
                }
              }
              width={258}
            />
            <div
              className="mx-3 text-center"
            >
              <div
                className="info flex justify-between my-4 mx-3"
              >
                <div
                  className="text-left"
                >
                  <h2
                    className="font-semibold"
                  >
                    Moog Synthesizer
                  </h2>
                  <p
                    className="font-extralight text-xs"
                  >
                    Electronics
                  </p>
                </div>
                <div>
                  <h2
                    className="font-extrabold text-xl"
                  >
                    $
                    500
                  </h2>
                  <p
                    className="font-extralight text-xs"
                  >
                    Istanbul / Turkey
                  </p>
                </div>
              </div>
            </div>
          </div>
          <div
            className="cart mx-3 mb-10 border rounded-lg shadow-lg"
          >
            <img
              alt="Moog Synthesizer"
              className="rounded-t-lg shadow-lg w-full"
              data-nimg="1"
              decoding="async"
              height={211.41}
              loading="lazy"
              onError={[Function]}
              onLoad={[Function]}
              src="/_next/image?url=%2FproductImg.png&w=640&q=75"
              srcSet="/_next/image?url=%2FproductImg.png&w=384&q=75 1x, /_next/image?url=%2FproductImg.png&w=640&q=75 2x"
              style={
                Object {
                  "color": "transparent",
                }
              }
              width={258}
            />
            <div
              className="mx-3 text-center"
            >
              <div
                className="info flex justify-between my-4 mx-3"
              >
                <div
                  className="text-left"
                >
                  <h2
                    className="font-semibold"
                  >
                    Moog Synthesizer
                  </h2>
                  <p
                    className="font-extralight text-xs"
                  >
                    Electronics
                  </p>
                </div>
                <div>
                  <h2
                    className="font-extrabold text-xl"
                  >
                    $
                    600
                  </h2>
                  <p
                    className="font-extralight text-xs"
                  >
                    Istanbul / Turkey
                  </p>
                </div>
              </div>
            </div>
          </div>
          <div
            className="cart mx-3 mb-10 border rounded-lg shadow-lg"
          >
            <img
              alt="Moog Synthesizer"
              className="rounded-t-lg shadow-lg w-full"
              data-nimg="1"
              decoding="async"
              height={211.41}
              loading="lazy"
              onError={[Function]}
              onLoad={[Function]}
              src="/_next/image?url=%2FproductImg.png&w=640&q=75"
              srcSet="/_next/image?url=%2FproductImg.png&w=384&q=75 1x, /_next/image?url=%2FproductImg.png&w=640&q=75 2x"
              style={
                Object {
                  "color": "transparent",
                }
              }
              width={258}
            />
            <div
              className="mx-3 text-center"
            >
              <div
                className="info flex justify-between my-4 mx-3"
              >
                <div
                  className="text-left"
                >
                  <h2
                    className="font-semibold"
                  >
                    Moog Synthesizer
                  </h2>
                  <p
                    className="font-extralight text-xs"
                  >
                    Electronics
                  </p>
                </div>
                <div>
                  <h2
                    className="font-extrabold text-xl"
                  >
                    $
                    700
                  </h2>
                  <p
                    className="font-extralight text-xs"
                  >
                    Istanbul / Turkey
                  </p>
                </div>
              </div>
            </div>
          </div>
          <div
            className="cart mx-3 mb-10 border rounded-lg shadow-lg"
          >
            <img
              alt="Moog Synthesizer"
              className="rounded-t-lg shadow-lg w-full"
              data-nimg="1"
              decoding="async"
              height={211.41}
              loading="lazy"
              onError={[Function]}
              onLoad={[Function]}
              src="/_next/image?url=%2FproductImg.png&w=640&q=75"
              srcSet="/_next/image?url=%2FproductImg.png&w=384&q=75 1x, /_next/image?url=%2FproductImg.png&w=640&q=75 2x"
              style={
                Object {
                  "color": "transparent",
                }
              }
              width={258}
            />
            <div
              className="mx-3 text-center"
            >
              <div
                className="info flex justify-between my-4 mx-3"
              >
                <div
                  className="text-left"
                >
                  <h2
                    className="font-semibold"
                  >
                    Moog Synthesizer
                  </h2>
                  <p
                    className="font-extralight text-xs"
                  >
                    Electronics
                  </p>
                </div>
                <div>
                  <h2
                    className="font-extrabold text-xl"
                  >
                    $
                    800
                  </h2>
                  <p
                    className="font-extralight text-xs"
                  >
                    Istanbul / Turkey
                  </p>
                </div>
              </div>
            </div>
          </div>
        </div>
      </div>
    </div>
  </section>
</div>
`;
