// Jest Snapshot v1, https://goo.gl/fbAQLP

exports[`SideBar does not render the image in small screen if not on edit profile page 1`] = `
<section
  class="hidden lg:block shadow-2xl overflow-hidden h-[100%]"
>
  <div
    class="flex flex-col justify-around text-center w-[331px] pt-10 h-[80%]"
  >
    <img
      alt="..."
      class="rounded-full mx-auto"
      data-nimg="1"
      decoding="async"
      height="171"
      loading="lazy"
      src="/_next/image?url=%2FproductImg.png&w=384&q=75"
      srcset="/_next/image?url=%2FproductImg.png&w=256&q=75 1x, /_next/image?url=%2FproductImg.png&w=384&q=75 2x"
      style="color: transparent;"
      width="171"
    />
    <div
      class="text-[22px]"
    >
      <h2
        class="font-semibold"
      >
        User Name
      </h2>
      <p>
        User Email
      </p>
      <p>
        User Location
      </p>
      <button
        aria-label="Edit Profile"
      >
        <span>
          <span
            class="bg-[url('/images/Highlighter.png')] bg-bottom bg-no-repeat block md:bg-[length:313.92px_27.28px] md:text-[27.28px] bg-[length:233.67px_20.31px] text-[21px] lg:bg-[length:240px_38px] lg:text-[30px] "
          >
            <h2
              class="text-purple-light font-poppins text-center font-bold tracking-[-1px] "
            >
              Edit Profile
            </h2>
          </span>
        </span>
      </button>
    </div>
    <div
      class="grid grid-rows-2 gap-8"
    >
      <button
        aria-label="My Listing"
      >
        <span>
          <span
            class="bg-[url('/images/Highlighter.png')] bg-bottom bg-no-repeat block lg:bg-[length:290px_38px] lg:text-[38px] md:bg-[length:313.92px_27.28px] md:text-[27.28px] bg-[length:233.67px_20.31px] text-[21px] lg:text-[38px] "
          >
            <h2
              class="text-purple-light font-poppins text-center font-bold tracking-[-1px] "
            >
              My Listings
            </h2>
          </span>
        </span>
      </button>
      <button
        aria-label="My Orders"
      >
        <span>
          <span
            class="bg-[url('/images/Highlighter.png')] bg-bottom bg-no-repeat block lg:bg-[length:290px_38px] lg:text-[38px] md:bg-[length:313.92px_27.28px] md:text-[27.28px] bg-[length:233.67px_20.31px] text-[21px] "
          >
            <h2
              class="text-purple-light font-poppins text-center font-bold tracking-[-1px] "
            >
              My Orders
            </h2>
          </span>
        </span>
      </button>
    </div>
  </div>
</section>
`;

exports[`SideBar renders large screen version correctly 1`] = `
<section
  class="hidden lg:block shadow-2xl overflow-hidden h-[100%]"
>
  <div
    class="flex flex-col justify-around text-center w-[331px] pt-10 h-[80%]"
  >
    <img
      alt="..."
      class="rounded-full mx-auto"
      data-nimg="1"
      decoding="async"
      height="171"
      loading="lazy"
      src="/_next/image?url=%2FproductImg.png&w=384&q=75"
      srcset="/_next/image?url=%2FproductImg.png&w=256&q=75 1x, /_next/image?url=%2FproductImg.png&w=384&q=75 2x"
      style="color: transparent;"
      width="171"
    />
    <div
      class="text-[22px]"
    >
      <h2
        class="font-semibold"
      >
        User Name
      </h2>
      <p>
        User Email
      </p>
      <p>
        User Location
      </p>
      <button
        aria-label="Edit Profile"
      >
        <span>
          <span
            class="bg-[url('/images/Highlighter.png')] bg-bottom bg-no-repeat block md:bg-[length:313.92px_27.28px] md:text-[27.28px] bg-[length:233.67px_20.31px] text-[21px] lg:bg-[length:240px_38px] lg:text-[30px] "
          >
            <h2
              class="text-purple-light font-poppins text-center font-bold tracking-[-1px] "
            >
              Edit Profile
            </h2>
          </span>
        </span>
      </button>
    </div>
    <div
      class="grid grid-rows-2 gap-8"
    >
      <button
        aria-label="My Listing"
      >
        <span>
          <span
            class="bg-[url('/images/Highlighter.png')] bg-bottom bg-no-repeat block lg:bg-[length:290px_38px] lg:text-[38px] md:bg-[length:313.92px_27.28px] md:text-[27.28px] bg-[length:233.67px_20.31px] text-[21px] lg:text-[38px] "
          >
            <h2
              class="text-purple-light font-poppins text-center font-bold tracking-[-1px] "
            >
              My Listings
            </h2>
          </span>
        </span>
      </button>
      <button
        aria-label="My Orders"
      >
        <span>
          <span
            class="bg-[url('/images/Highlighter.png')] bg-bottom bg-no-repeat block lg:bg-[length:290px_38px] lg:text-[38px] md:bg-[length:313.92px_27.28px] md:text-[27.28px] bg-[length:233.67px_20.31px] text-[21px] "
          >
            <h2
              class="text-purple-light font-poppins text-center font-bold tracking-[-1px] "
            >
              My Orders
            </h2>
          </span>
        </span>
      </button>
    </div>
  </div>
</section>
`;

exports[`SideBar renders small screen version correctly 1`] = `
<section
  class="hidden lg:block shadow-2xl overflow-hidden h-[100%]"
>
  <div
    class="flex flex-col justify-around text-center w-[331px] pt-10 h-[80%]"
  >
    <img
      alt="..."
      class="rounded-full mx-auto"
      data-nimg="1"
      decoding="async"
      height="171"
      loading="lazy"
      src="/_next/image?url=%2FproductImg.png&w=384&q=75"
      srcset="/_next/image?url=%2FproductImg.png&w=256&q=75 1x, /_next/image?url=%2FproductImg.png&w=384&q=75 2x"
      style="color: transparent;"
      width="171"
    />
    <div
      class="text-[22px]"
    >
      <h2
        class="font-semibold"
      >
        User Name
      </h2>
      <p>
        User Email
      </p>
      <p>
        User Location
      </p>
      <button
        aria-label="Edit Profile"
      >
        <span>
          <span
            class="bg-[url('/images/Highlighter.png')] bg-bottom bg-no-repeat block md:bg-[length:313.92px_27.28px] md:text-[27.28px] bg-[length:233.67px_20.31px] text-[21px] lg:bg-[length:240px_38px] lg:text-[30px] "
          >
            <h2
              class="text-purple-light font-poppins text-center font-bold tracking-[-1px] "
            >
              Edit Profile
            </h2>
          </span>
        </span>
      </button>
    </div>
    <div
      class="grid grid-rows-2 gap-8"
    >
      <button
        aria-label="My Listing"
      >
        <span>
          <span
            class="bg-[url('/images/Highlighter.png')] bg-bottom bg-no-repeat block lg:bg-[length:290px_38px] lg:text-[38px] md:bg-[length:313.92px_27.28px] md:text-[27.28px] bg-[length:233.67px_20.31px] text-[21px] lg:text-[38px] "
          >
            <h2
              class="text-purple-light font-poppins text-center font-bold tracking-[-1px] "
            >
              My Listings
            </h2>
          </span>
        </span>
      </button>
      <button
        aria-label="My Orders"
      >
        <span>
          <span
            class="bg-[url('/images/Highlighter.png')] bg-bottom bg-no-repeat block lg:bg-[length:290px_38px] lg:text-[38px] md:bg-[length:313.92px_27.28px] md:text-[27.28px] bg-[length:233.67px_20.31px] text-[21px] "
          >
            <h2
              class="text-purple-light font-poppins text-center font-bold tracking-[-1px] "
            >
              My Orders
            </h2>
          </span>
        </span>
      </button>
    </div>
  </div>
</section>
`;
