// Jest Snapshot v1, https://goo.gl/fbAQLP

exports[`renders correctly 1`] = `
<section
  className="max-w-[1250px] mx-auto my-[50px]"
>
  <div
    className="flex flex-col lg:flex-col md:flex-row w-full justify-center"
  >
    <div
      className="lg:m-0 my-auto"
    >
      <div
        className="w-full"
      >
        <div
          className="border border-solid bg-gray-300 border-black rounded relative "
        >
          <input
            className="cursor-pointer relative opacity-0 w-full p-24"
            onChange={[Function]}
            type="file"
          />
          <div
            className="w-12 md:w-14 lg:w-16 absolute top-20 right-0 left-0 m-auto"
          >
            <img
              alt="drop image"
              data-nimg="1"
              decoding="async"
              height={100}
              loading="lazy"
              onError={[Function]}
              onLoad={[Function]}
              src="gallery.svg"
              style={
                Object {
                  "color": "transparent",
                }
              }
              width={100}
            />
          </div>
        </div>
      </div>
    </div>
    <div
      className="flex lg:w-full md:w-1/3 lg:flex-nowrap md:flex-wrap"
    >
      <div
        className="w-full p-1"
      >
        <div
          className="w-full"
        >
          <div
            className="border border-solid bg-gray-300 border-black rounded relative "
          >
            <input
              className="cursor-pointer relative opacity-0 w-full h-44 p-14"
              onChange={[Function]}
              type="file"
            />
            <div
              className="w-12 md:w-14 lg:w-16 absolute top-20 right-0 left-0 m-auto"
            >
              <img
                alt="drop image"
                data-nimg="1"
                decoding="async"
                height={100}
                loading="lazy"
                onError={[Function]}
                onLoad={[Function]}
                src="gallery.svg"
                style={
                  Object {
                    "color": "transparent",
                  }
                }
                width={100}
              />
            </div>
          </div>
        </div>
      </div>
      <div
        className="lg:w-full md:w-1/2 w-full p-1"
      >
        <div
          className="w-full"
        >
          <div
            className="border border-solid bg-gray-300 border-black rounded relative "
          >
            <input
              className="cursor-pointer relative opacity-0 w-full h-full p-14"
              onChange={[Function]}
              type="file"
            />
            <div
              className="w-12 md:w-14 lg:w-16 absolute top-20 right-0 left-0 m-auto"
            >
              <img
                alt="drop image"
                data-nimg="1"
                decoding="async"
                height={100}
                loading="lazy"
                onError={[Function]}
                onLoad={[Function]}
                src="gallery.svg"
                style={
                  Object {
                    "color": "transparent",
                  }
                }
                width={100}
              />
            </div>
          </div>
        </div>
      </div>
      <div
        className="lg:w-full md:w-1/2 w-full p-1"
      >
        <div
          className="w-full"
        >
          <div
            className="border border-solid bg-gray-300 border-black rounded relative "
          >
            <input
              className="cursor-pointer relative opacity-0 w-full p-14"
              onChange={[Function]}
              type="file"
            />
            <div
              className="w-12 md:w-14 lg:w-16 absolute top-20 right-0 left-0 m-auto"
            >
              <img
                alt="drop image"
                data-nimg="1"
                decoding="async"
                height={100}
                loading="lazy"
                onError={[Function]}
                onLoad={[Function]}
                src="gallery.svg"
                style={
                  Object {
                    "color": "transparent",
                  }
                }
                width={100}
              />
            </div>
          </div>
        </div>
      </div>
    </div>
  </div>
</section>
`;
