// Jest Snapshot v1, https://goo.gl/fbAQLP

exports[`renders correctly 1`] = `
<section
  className="max-w-[1250px] mx-auto my-[50px]"
>
  <div
    className="flex flex-col lg:flex-col md:flex-row w-full"
  >
    <div>
      <img
        alt="Photo-one"
        className="h-full w-full lg:w-full lg:h-full md:w-96 md:h-60 object-cover"
        data-nimg="1"
        decoding="async"
        height={500}
        loading="lazy"
        onError={[Function]}
        onLoad={[Function]}
        src="photo-one.svg"
        style={
          Object {
            "color": "transparent",
          }
        }
        width={500}
      />
    </div>
    <div
      className="flex justify-between lg:flex-row md:flex-col"
    >
      <img
        alt="photo-two"
        className="w-full object-cover"
        data-nimg="1"
        decoding="async"
        height={100}
        loading="lazy"
        onError={[Function]}
        onLoad={[Function]}
        src="photo-two.svg"
        style={
          Object {
            "color": "transparent",
          }
        }
        width={100}
      />
      <img
        alt="photo-three"
        className="w-full lg:w-full md:w-60 object-cover"
        data-nimg="1"
        decoding="async"
        height={100}
        loading="lazy"
        onError={[Function]}
        onLoad={[Function]}
        src="photo-three.svg"
        style={
          Object {
            "color": "transparent",
          }
        }
        width={100}
      />
      <img
        alt="photo-four"
        className="w-full object-cover"
        data-nimg="1"
        decoding="async"
        height={100}
        loading="lazy"
        onError={[Function]}
        onLoad={[Function]}
        src="photo-four.svg"
        style={
          Object {
            "color": "transparent",
          }
        }
        width={100}
      />
    </div>
  </div>
</section>
`;
