// Jest Snapshot v1, https://goo.gl/fbAQLP

exports[`renders correctly 1`] = `
<div
  className="wrapper"
>
  <span
    style={
      {
        "display": "inherit",
        "height": "80px",
        "position": "relative",
        "transform": "rotate(165deg)",
        "width": "80px",
      }
    }
  >
    <span
      style={
        {
          "animation": "react-spinners-HashLoader-before 2s infinite",
          "animationFillMode": "none",
          "borderRadius": "8px",
          "display": "block",
          "height": "16px",
          "left": "50%",
          "position": "absolute",
          "top": "50%",
          "transform": "translate(-50%, -50%)",
          "width": "16px",
        }
      }
    />
    <span
      style={
        {
          "animation": "react-spinners-HashLoader-after 2s infinite",
          "animationFillMode": "none",
          "borderRadius": "8px",
          "display": "block",
          "height": "16px",
          "left": "50%",
          "position": "absolute",
          "top": "50%",
          "transform": "translate(-50%, -50%)",
          "width": "16px",
        }
      }
    />
  </span>
  <p
    className="loadingText"
  >
    Loading best product for you ...
  </p>
</div>
`;
