// Jest Snapshot v1, https://goo.gl/fbAQLP

exports[`UserOrders component renders correctly 1`] = `
{
  "asFragment": [Function],
  "baseElement": <body>
    <div>
      <section
        class="max-w-[1250px] mx-auto my-[50px]"
      >
        <section
          class="flex flex-col lg:flex-row"
        >
          <div>
            <section
              class="hidden lg:block lg:w-[331px] lg:h-[947px] text-center lg:shadow-2xl lg:pt-12"
            >
              <div
                class="flex flex-col justify-around h-[75%]"
              >
                <img
                  alt="..."
                  class="rounded-full mx-auto mb-3"
                  data-nimg="1"
                  decoding="async"
                  height="171"
                  loading="lazy"
                  src="/_next/image?url=%2FproductImg.png&w=384&q=75"
                  srcset="/_next/image?url=%2FproductImg.png&w=256&q=75 1x, /_next/image?url=%2FproductImg.png&w=384&q=75 2x"
                  style="color: transparent;"
                  width="171"
                />
                <div
                  class="text-[22px]"
                >
                  <h2
                    class="font-semibold"
                  >
                    Name
                  </h2>
                  <p>
                    Email
                  </p>
                  <p>
                    Location
                  </p>
                </div>
                <a
                  href="Link"
                >
                  <span>
                    <span
                      class="bg-[url('/images/Highlighter.png')] bg-bottom bg-no-repeat text-purple-light font-poppins text-center font-bold tracking-[-1px] block lg:bg-[length:437.27px_38px] lg:text-[38px] md:bg-[length:313.92px_27.28px] md:text-[27.28px] bg-[length:233.67px_20.31px] text-[21px] "
                    >
                      <h2>
                        My Orders
                      </h2>
                    </span>
                  </span>
                </a>
                <div
                  class="font-bold text-[31px] grid grid-rows-2 gap-8"
                >
                  <h1>
                    <a
                      href="Link"
                    >
                      My Listing
                    </a>
                  </h1>
                  <h1>
                    <a
                      href="Link"
                    >
                      My Orders
                    </a>
                  </h1>
                </div>
              </div>
            </section>
          </div>
          <div
            class="lg:bg-gradient-to-l from-zinc-800 to-slate-300 lg:py-16 h-[947px] overflow-y-auto w-full"
          >
            <div
              class="grid lg:grid-cols-3 md:grid-cols-2 gap-5 md:px-20 px-8"
            >
              <div
                class="lg:bg-white rounded-lg pb-10"
              >
                <img
                  alt="..."
                  class="rounded-t-lg shadow-lg w-full"
                  data-nimg="1"
                  decoding="async"
                  height="1080"
                  loading="lazy"
                  src="/_next/image?url=%2FproductImg.png&w=3840&q=75"
                  srcset="/_next/image?url=%2FproductImg.png&w=1920&q=75 1x, /_next/image?url=%2FproductImg.png&w=3840&q=75 2x"
                  style="color: transparent;"
                  width="1920"
                />
                <div
                  class="mx-3"
                >
                  <div
                    class="flex justify-between my-4"
                  >
                    <div
                      class="text-left"
                    >
                      <h2
                        class="font-semibold"
                      >
                        Moog Synthesizer
                      </h2>
                      <p
                        class="font-extralight text-xs"
                      >
                        Books
                      </p>
                    </div>
                    <div>
                      <h2
                        class="font-extrabold text-xl text-right"
                      >
                        $
                        10
                      </h2>
                      <p
                        class="font-extralight text-xs"
                      >
                        Istanbul / Turkey
                      </p>
                    </div>
                  </div>
                  <div>
                    <p>
                      <span
                        class="font-extrabold"
                      >
                         Listing Date:
                      </span>
                       
                      01/04/2023
                    </p>
                    <p>
                      <span
                        class="font-extrabold"
                      >
                         Category:
                      </span>
                      <br />
                       
                      Books
                    </p>
                  </div>
                </div>
              </div>
              <div
                class="lg:bg-white rounded-lg pb-10"
              >
                <img
                  alt="..."
                  class="rounded-t-lg shadow-lg w-full"
                  data-nimg="1"
                  decoding="async"
                  height="1080"
                  loading="lazy"
                  src="/_next/image?url=%2FproductImg.png&w=3840&q=75"
                  srcset="/_next/image?url=%2FproductImg.png&w=1920&q=75 1x, /_next/image?url=%2FproductImg.png&w=3840&q=75 2x"
                  style="color: transparent;"
                  width="1920"
                />
                <div
                  class="mx-3"
                >
                  <div
                    class="flex justify-between my-4"
                  >
                    <div
                      class="text-left"
                    >
                      <h2
                        class="font-semibold"
                      >
                        Moog Synthesizer
                      </h2>
                      <p
                        class="font-extralight text-xs"
                      >
                        Furniture
                      </p>
                    </div>
                    <div>
                      <h2
                        class="font-extrabold text-xl text-right"
                      >
                        $
                        20
                      </h2>
                      <p
                        class="font-extralight text-xs"
                      >
                        Istanbul / Turkey
                      </p>
                    </div>
                  </div>
                  <div>
                    <p>
                      <span
                        class="font-extrabold"
                      >
                         Listing Date:
                      </span>
                       
                      03/04/2023
                    </p>
                    <p>
                      <span
                        class="font-extrabold"
                      >
                         Category:
                      </span>
                      <br />
                       
                      Furniture
                    </p>
                  </div>
                </div>
              </div>
              <div
                class="lg:bg-white rounded-lg pb-10"
              >
                <img
                  alt="..."
                  class="rounded-t-lg shadow-lg w-full"
                  data-nimg="1"
                  decoding="async"
                  height="1080"
                  loading="lazy"
                  src="/_next/image?url=%2FproductImg.png&w=3840&q=75"
                  srcset="/_next/image?url=%2FproductImg.png&w=1920&q=75 1x, /_next/image?url=%2FproductImg.png&w=3840&q=75 2x"
                  style="color: transparent;"
                  width="1920"
                />
                <div
                  class="mx-3"
                >
                  <div
                    class="flex justify-between my-4"
                  >
                    <div
                      class="text-left"
                    >
                      <h2
                        class="font-semibold"
                      >
                        Moog Synthesizer
                      </h2>
                      <p
                        class="font-extralight text-xs"
                      >
                        Furniture
                      </p>
                    </div>
                    <div>
                      <h2
                        class="font-extrabold text-xl text-right"
                      >
                        $
                        30
                      </h2>
                      <p
                        class="font-extralight text-xs"
                      >
                        Istanbul / Turkey
                      </p>
                    </div>
                  </div>
                  <div>
                    <p>
                      <span
                        class="font-extrabold"
                      >
                         Listing Date:
                      </span>
                       
                      05/04/2023
                    </p>
                    <p>
                      <span
                        class="font-extrabold"
                      >
                         Category:
                      </span>
                      <br />
                       
                      Furniture
                    </p>
                  </div>
                </div>
              </div>
              <div
                class="lg:bg-white rounded-lg pb-10"
              >
                <img
                  alt="..."
                  class="rounded-t-lg shadow-lg w-full"
                  data-nimg="1"
                  decoding="async"
                  height="1080"
                  loading="lazy"
                  src="/_next/image?url=%2FproductImg.png&w=3840&q=75"
                  srcset="/_next/image?url=%2FproductImg.png&w=1920&q=75 1x, /_next/image?url=%2FproductImg.png&w=3840&q=75 2x"
                  style="color: transparent;"
                  width="1920"
                />
                <div
                  class="mx-3"
                >
                  <div
                    class="flex justify-between my-4"
                  >
                    <div
                      class="text-left"
                    >
                      <h2
                        class="font-semibold"
                      >
                        Moog Synthesizer
                      </h2>
                      <p
                        class="font-extralight text-xs"
                      >
                        Electronics
                      </p>
                    </div>
                    <div>
                      <h2
                        class="font-extrabold text-xl text-right"
                      >
                        $
                        40
                      </h2>
                      <p
                        class="font-extralight text-xs"
                      >
                        Istanbul / Turkey
                      </p>
                    </div>
                  </div>
                  <div>
                    <p>
                      <span
                        class="font-extrabold"
                      >
                         Listing Date:
                      </span>
                       
                      07/04/2023
                    </p>
                    <p>
                      <span
                        class="font-extrabold"
                      >
                         Category:
                      </span>
                      <br />
                       
                      Electronics
                    </p>
                  </div>
                </div>
              </div>
              <div
                class="lg:bg-white rounded-lg pb-10"
              >
                <img
                  alt="..."
                  class="rounded-t-lg shadow-lg w-full"
                  data-nimg="1"
                  decoding="async"
                  height="1080"
                  loading="lazy"
                  src="/_next/image?url=%2FproductImg.png&w=3840&q=75"
                  srcset="/_next/image?url=%2FproductImg.png&w=1920&q=75 1x, /_next/image?url=%2FproductImg.png&w=3840&q=75 2x"
                  style="color: transparent;"
                  width="1920"
                />
                <div
                  class="mx-3"
                >
                  <div
                    class="flex justify-between my-4"
                  >
                    <div
                      class="text-left"
                    >
                      <h2
                        class="font-semibold"
                      >
                        Moog Synthesizer
                      </h2>
                      <p
                        class="font-extralight text-xs"
                      >
                        Two-wheeler
                      </p>
                    </div>
                    <div>
                      <h2
                        class="font-extrabold text-xl text-right"
                      >
                        $
                        50
                      </h2>
                      <p
                        class="font-extralight text-xs"
                      >
                        Istanbul / Turkey
                      </p>
                    </div>
                  </div>
                  <div>
                    <p>
                      <span
                        class="font-extrabold"
                      >
                         Listing Date:
                      </span>
                       
                      09/04/2023
                    </p>
                    <p>
                      <span
                        class="font-extrabold"
                      >
                         Category:
                      </span>
                      <br />
                       
                      Two-wheeler
                    </p>
                  </div>
                </div>
              </div>
              <div
                class="lg:bg-white rounded-lg pb-10"
              >
                <img
                  alt="..."
                  class="rounded-t-lg shadow-lg w-full"
                  data-nimg="1"
                  decoding="async"
                  height="1080"
                  loading="lazy"
                  src="/_next/image?url=%2FproductImg.png&w=3840&q=75"
                  srcset="/_next/image?url=%2FproductImg.png&w=1920&q=75 1x, /_next/image?url=%2FproductImg.png&w=3840&q=75 2x"
                  style="color: transparent;"
                  width="1920"
                />
                <div
                  class="mx-3"
                >
                  <div
                    class="flex justify-between my-4"
                  >
                    <div
                      class="text-left"
                    >
                      <h2
                        class="font-semibold"
                      >
                        Moog Synthesizer
                      </h2>
                      <p
                        class="font-extralight text-xs"
                      >
                        Two-wheeler
                      </p>
                    </div>
                    <div>
                      <h2
                        class="font-extrabold text-xl text-right"
                      >
                        $
                        60
                      </h2>
                      <p
                        class="font-extralight text-xs"
                      >
                        Istanbul / Turkey
                      </p>
                    </div>
                  </div>
                  <div>
                    <p>
                      <span
                        class="font-extrabold"
                      >
                         Listing Date:
                      </span>
                       
                      11/04/2023
                    </p>
                    <p>
                      <span
                        class="font-extrabold"
                      >
                         Category:
                      </span>
                      <br />
                       
                      Two-wheeler
                    </p>
                  </div>
                </div>
              </div>
              <div
                class="lg:bg-white rounded-lg pb-10"
              >
                <img
                  alt="..."
                  class="rounded-t-lg shadow-lg w-full"
                  data-nimg="1"
                  decoding="async"
                  height="1080"
                  loading="lazy"
                  src="/_next/image?url=%2FproductImg.png&w=3840&q=75"
                  srcset="/_next/image?url=%2FproductImg.png&w=1920&q=75 1x, /_next/image?url=%2FproductImg.png&w=3840&q=75 2x"
                  style="color: transparent;"
                  width="1920"
                />
                <div
                  class="mx-3"
                >
                  <div
                    class="flex justify-between my-4"
                  >
                    <div
                      class="text-left"
                    >
                      <h2
                        class="font-semibold"
                      >
                        Moog Synthesizer
                      </h2>
                      <p
                        class="font-extralight text-xs"
                      >
                        Two-wheeler
                      </p>
                    </div>
                    <div>
                      <h2
                        class="font-extrabold text-xl text-right"
                      >
                        $
                        70
                      </h2>
                      <p
                        class="font-extralight text-xs"
                      >
                        Istanbul / Turkey
                      </p>
                    </div>
                  </div>
                  <div>
                    <p>
                      <span
                        class="font-extrabold"
                      >
                         Listing Date:
                      </span>
                       
                      13/04/2023
                    </p>
                    <p>
                      <span
                        class="font-extrabold"
                      >
                         Category:
                      </span>
                      <br />
                       
                      Two-wheeler
                    </p>
                  </div>
                </div>
              </div>
              <div
                class="lg:bg-white rounded-lg pb-10"
              >
                <img
                  alt="..."
                  class="rounded-t-lg shadow-lg w-full"
                  data-nimg="1"
                  decoding="async"
                  height="1080"
                  loading="lazy"
                  src="/_next/image?url=%2FproductImg.png&w=3840&q=75"
                  srcset="/_next/image?url=%2FproductImg.png&w=1920&q=75 1x, /_next/image?url=%2FproductImg.png&w=3840&q=75 2x"
                  style="color: transparent;"
                  width="1920"
                />
                <div
                  class="mx-3"
                >
                  <div
                    class="flex justify-between my-4"
                  >
                    <div
                      class="text-left"
                    >
                      <h2
                        class="font-semibold"
                      >
                        Moog Synthesizer
                      </h2>
                      <p
                        class="font-extralight text-xs"
                      >
                        Two-wheeler
                      </p>
                    </div>
                    <div>
                      <h2
                        class="font-extrabold text-xl text-right"
                      >
                        $
                        80
                      </h2>
                      <p
                        class="font-extralight text-xs"
                      >
                        Istanbul / Turkey
                      </p>
                    </div>
                  </div>
                  <div>
                    <p>
                      <span
                        class="font-extrabold"
                      >
                         Listing Date:
                      </span>
                       
                      15/04/2023
                    </p>
                    <p>
                      <span
                        class="font-extrabold"
                      >
                         Category:
                      </span>
                      <br />
                       
                      Two-wheeler
                    </p>
                  </div>
                </div>
              </div>
              <div
                class="lg:bg-white rounded-lg pb-10"
              >
                <img
                  alt="..."
                  class="rounded-t-lg shadow-lg w-full"
                  data-nimg="1"
                  decoding="async"
                  height="1080"
                  loading="lazy"
                  src="/_next/image?url=%2FproductImg.png&w=3840&q=75"
                  srcset="/_next/image?url=%2FproductImg.png&w=1920&q=75 1x, /_next/image?url=%2FproductImg.png&w=3840&q=75 2x"
                  style="color: transparent;"
                  width="1920"
                />
                <div
                  class="mx-3"
                >
                  <div
                    class="flex justify-between my-4"
                  >
                    <div
                      class="text-left"
                    >
                      <h2
                        class="font-semibold"
                      >
                        Moog Synthesizer
                      </h2>
                      <p
                        class="font-extralight text-xs"
                      >
                        Two-wheeler
                      </p>
                    </div>
                    <div>
                      <h2
                        class="font-extrabold text-xl text-right"
                      >
                        $
                        90
                      </h2>
                      <p
                        class="font-extralight text-xs"
                      >
                        Istanbul / Turkey
                      </p>
                    </div>
                  </div>
                  <div>
                    <p>
                      <span
                        class="font-extrabold"
                      >
                         Listing Date:
                      </span>
                       
                      17/04/2023
                    </p>
                    <p>
                      <span
                        class="font-extrabold"
                      >
                         Category:
                      </span>
                      <br />
                       
                      Two-wheeler
                    </p>
                  </div>
                </div>
              </div>
              <div
                class="lg:bg-white rounded-lg pb-10"
              >
                <img
                  alt="..."
                  class="rounded-t-lg shadow-lg w-full"
                  data-nimg="1"
                  decoding="async"
                  height="1080"
                  loading="lazy"
                  src="/_next/image?url=%2FproductImg.png&w=3840&q=75"
                  srcset="/_next/image?url=%2FproductImg.png&w=1920&q=75 1x, /_next/image?url=%2FproductImg.png&w=3840&q=75 2x"
                  style="color: transparent;"
                  width="1920"
                />
                <div
                  class="mx-3"
                >
                  <div
                    class="flex justify-between my-4"
                  >
                    <div
                      class="text-left"
                    >
                      <h2
                        class="font-semibold"
                      >
                        Moog Synthesizer
                      </h2>
                      <p
                        class="font-extralight text-xs"
                      >
                        Two-wheeler
                      </p>
                    </div>
                    <div>
                      <h2
                        class="font-extrabold text-xl text-right"
                      >
                        $
                        100
                      </h2>
                      <p
                        class="font-extralight text-xs"
                      >
                        Istanbul / Turkey
                      </p>
                    </div>
                  </div>
                  <div>
                    <p>
                      <span
                        class="font-extrabold"
                      >
                         Listing Date:
                      </span>
                       
                      19/04/2023
                    </p>
                    <p>
                      <span
                        class="font-extrabold"
                      >
                         Category:
                      </span>
                      <br />
                       
                      Two-wheeler
                    </p>
                  </div>
                </div>
              </div>
              <div
                class="lg:bg-white rounded-lg pb-10"
              >
                <img
                  alt="..."
                  class="rounded-t-lg shadow-lg w-full"
                  data-nimg="1"
                  decoding="async"
                  height="1080"
                  loading="lazy"
                  src="/_next/image?url=%2FproductImg.png&w=3840&q=75"
                  srcset="/_next/image?url=%2FproductImg.png&w=1920&q=75 1x, /_next/image?url=%2FproductImg.png&w=3840&q=75 2x"
                  style="color: transparent;"
                  width="1920"
                />
                <div
                  class="mx-3"
                >
                  <div
                    class="flex justify-between my-4"
                  >
                    <div
                      class="text-left"
                    >
                      <h2
                        class="font-semibold"
                      >
                        Moog Synthesizer
                      </h2>
                      <p
                        class="font-extralight text-xs"
                      >
                        Electronics
                      </p>
                    </div>
                    <div>
                      <h2
                        class="font-extrabold text-xl text-right"
                      >
                        $
                        200
                      </h2>
                      <p
                        class="font-extralight text-xs"
                      >
                        Istanbul / Turkey
                      </p>
                    </div>
                  </div>
                  <div>
                    <p>
                      <span
                        class="font-extrabold"
                      >
                         Listing Date:
                      </span>
                       
                      21/04/2023
                    </p>
                    <p>
                      <span
                        class="font-extrabold"
                      >
                         Category:
                      </span>
                      <br />
                       
                      Electronics
                    </p>
                  </div>
                </div>
              </div>
              <div
                class="lg:bg-white rounded-lg pb-10"
              >
                <img
                  alt="..."
                  class="rounded-t-lg shadow-lg w-full"
                  data-nimg="1"
                  decoding="async"
                  height="1080"
                  loading="lazy"
                  src="/_next/image?url=%2FproductImg.png&w=3840&q=75"
                  srcset="/_next/image?url=%2FproductImg.png&w=1920&q=75 1x, /_next/image?url=%2FproductImg.png&w=3840&q=75 2x"
                  style="color: transparent;"
                  width="1920"
                />
                <div
                  class="mx-3"
                >
                  <div
                    class="flex justify-between my-4"
                  >
                    <div
                      class="text-left"
                    >
                      <h2
                        class="font-semibold"
                      >
                        Moog Synthesizer
                      </h2>
                      <p
                        class="font-extralight text-xs"
                      >
                        Electronics
                      </p>
                    </div>
                    <div>
                      <h2
                        class="font-extrabold text-xl text-right"
                      >
                        $
                        300
                      </h2>
                      <p
                        class="font-extralight text-xs"
                      >
                        Istanbul / Turkey
                      </p>
                    </div>
                  </div>
                  <div>
                    <p>
                      <span
                        class="font-extrabold"
                      >
                         Listing Date:
                      </span>
                       
                      23/04/2023
                    </p>
                    <p>
                      <span
                        class="font-extrabold"
                      >
                         Category:
                      </span>
                      <br />
                       
                      Electronics
                    </p>
                  </div>
                </div>
              </div>
              <div
                class="lg:bg-white rounded-lg pb-10"
              >
                <img
                  alt="..."
                  class="rounded-t-lg shadow-lg w-full"
                  data-nimg="1"
                  decoding="async"
                  height="1080"
                  loading="lazy"
                  src="/_next/image?url=%2FproductImg.png&w=3840&q=75"
                  srcset="/_next/image?url=%2FproductImg.png&w=1920&q=75 1x, /_next/image?url=%2FproductImg.png&w=3840&q=75 2x"
                  style="color: transparent;"
                  width="1920"
                />
                <div
                  class="mx-3"
                >
                  <div
                    class="flex justify-between my-4"
                  >
                    <div
                      class="text-left"
                    >
                      <h2
                        class="font-semibold"
                      >
                        Moog Synthesizer
                      </h2>
                      <p
                        class="font-extralight text-xs"
                      >
                        Electronics
                      </p>
                    </div>
                    <div>
                      <h2
                        class="font-extrabold text-xl text-right"
                      >
                        $
                        500
                      </h2>
                      <p
                        class="font-extralight text-xs"
                      >
                        Istanbul / Turkey
                      </p>
                    </div>
                  </div>
                  <div>
                    <p>
                      <span
                        class="font-extrabold"
                      >
                         Listing Date:
                      </span>
                       
                      25/04/2023
                    </p>
                    <p>
                      <span
                        class="font-extrabold"
                      >
                         Category:
                      </span>
                      <br />
                       
                      Electronics
                    </p>
                  </div>
                </div>
              </div>
              <div
                class="lg:bg-white rounded-lg pb-10"
              >
                <img
                  alt="..."
                  class="rounded-t-lg shadow-lg w-full"
                  data-nimg="1"
                  decoding="async"
                  height="1080"
                  loading="lazy"
                  src="/_next/image?url=%2FproductImg.png&w=3840&q=75"
                  srcset="/_next/image?url=%2FproductImg.png&w=1920&q=75 1x, /_next/image?url=%2FproductImg.png&w=3840&q=75 2x"
                  style="color: transparent;"
                  width="1920"
                />
                <div
                  class="mx-3"
                >
                  <div
                    class="flex justify-between my-4"
                  >
                    <div
                      class="text-left"
                    >
                      <h2
                        class="font-semibold"
                      >
                        Moog Synthesizer
                      </h2>
                      <p
                        class="font-extralight text-xs"
                      >
                        Electronics
                      </p>
                    </div>
                    <div>
                      <h2
                        class="font-extrabold text-xl text-right"
                      >
                        $
                        600
                      </h2>
                      <p
                        class="font-extralight text-xs"
                      >
                        Istanbul / Turkey
                      </p>
                    </div>
                  </div>
                  <div>
                    <p>
                      <span
                        class="font-extrabold"
                      >
                         Listing Date:
                      </span>
                       
                      27/04/2023
                    </p>
                    <p>
                      <span
                        class="font-extrabold"
                      >
                         Category:
                      </span>
                      <br />
                       
                      Electronics
                    </p>
                  </div>
                </div>
              </div>
              <div
                class="lg:bg-white rounded-lg pb-10"
              >
                <img
                  alt="..."
                  class="rounded-t-lg shadow-lg w-full"
                  data-nimg="1"
                  decoding="async"
                  height="1080"
                  loading="lazy"
                  src="/_next/image?url=%2FproductImg.png&w=3840&q=75"
                  srcset="/_next/image?url=%2FproductImg.png&w=1920&q=75 1x, /_next/image?url=%2FproductImg.png&w=3840&q=75 2x"
                  style="color: transparent;"
                  width="1920"
                />
                <div
                  class="mx-3"
                >
                  <div
                    class="flex justify-between my-4"
                  >
                    <div
                      class="text-left"
                    >
                      <h2
                        class="font-semibold"
                      >
                        Moog Synthesizer
                      </h2>
                      <p
                        class="font-extralight text-xs"
                      >
                        Electronics
                      </p>
                    </div>
                    <div>
                      <h2
                        class="font-extrabold text-xl text-right"
                      >
                        $
                        700
                      </h2>
                      <p
                        class="font-extralight text-xs"
                      >
                        Istanbul / Turkey
                      </p>
                    </div>
                  </div>
                  <div>
                    <p>
                      <span
                        class="font-extrabold"
                      >
                         Listing Date:
                      </span>
                       
                      01/05/2023
                    </p>
                    <p>
                      <span
                        class="font-extrabold"
                      >
                         Category:
                      </span>
                      <br />
                       
                      Electronics
                    </p>
                  </div>
                </div>
              </div>
              <div
                class="lg:bg-white rounded-lg pb-10"
              >
                <img
                  alt="..."
                  class="rounded-t-lg shadow-lg w-full"
                  data-nimg="1"
                  decoding="async"
                  height="1080"
                  loading="lazy"
                  src="/_next/image?url=%2FproductImg.png&w=3840&q=75"
                  srcset="/_next/image?url=%2FproductImg.png&w=1920&q=75 1x, /_next/image?url=%2FproductImg.png&w=3840&q=75 2x"
                  style="color: transparent;"
                  width="1920"
                />
                <div
                  class="mx-3"
                >
                  <div
                    class="flex justify-between my-4"
                  >
                    <div
                      class="text-left"
                    >
                      <h2
                        class="font-semibold"
                      >
                        Moog Synthesizer
                      </h2>
                      <p
                        class="font-extralight text-xs"
                      >
                        Electronics
                      </p>
                    </div>
                    <div>
                      <h2
                        class="font-extrabold text-xl text-right"
                      >
                        $
                        800
                      </h2>
                      <p
                        class="font-extralight text-xs"
                      >
                        Istanbul / Turkey
                      </p>
                    </div>
                  </div>
                  <div>
                    <p>
                      <span
                        class="font-extrabold"
                      >
                         Listing Date:
                      </span>
                       
                      03/05/2023
                    </p>
                    <p>
                      <span
                        class="font-extrabold"
                      >
                         Category:
                      </span>
                      <br />
                       
                      Electronics
                    </p>
                  </div>
                </div>
              </div>
            </div>
          </div>
        </section>
      </section>
    </div>
  </body>,
  "container": <div>
    <section
      class="max-w-[1250px] mx-auto my-[50px]"
    >
      <section
        class="flex flex-col lg:flex-row"
      >
        <div>
          <section
            class="hidden lg:block lg:w-[331px] lg:h-[947px] text-center lg:shadow-2xl lg:pt-12"
          >
            <div
              class="flex flex-col justify-around h-[75%]"
            >
              <img
                alt="..."
                class="rounded-full mx-auto mb-3"
                data-nimg="1"
                decoding="async"
                height="171"
                loading="lazy"
                src="/_next/image?url=%2FproductImg.png&w=384&q=75"
                srcset="/_next/image?url=%2FproductImg.png&w=256&q=75 1x, /_next/image?url=%2FproductImg.png&w=384&q=75 2x"
                style="color: transparent;"
                width="171"
              />
              <div
                class="text-[22px]"
              >
                <h2
                  class="font-semibold"
                >
                  Name
                </h2>
                <p>
                  Email
                </p>
                <p>
                  Location
                </p>
              </div>
              <a
                href="Link"
              >
                <span>
                  <span
                    class="bg-[url('/images/Highlighter.png')] bg-bottom bg-no-repeat text-purple-light font-poppins text-center font-bold tracking-[-1px] block lg:bg-[length:437.27px_38px] lg:text-[38px] md:bg-[length:313.92px_27.28px] md:text-[27.28px] bg-[length:233.67px_20.31px] text-[21px] "
                  >
                    <h2>
                      My Orders
                    </h2>
                  </span>
                </span>
              </a>
              <div
                class="font-bold text-[31px] grid grid-rows-2 gap-8"
              >
                <h1>
                  <a
                    href="Link"
                  >
                    My Listing
                  </a>
                </h1>
                <h1>
                  <a
                    href="Link"
                  >
                    My Orders
                  </a>
                </h1>
              </div>
            </div>
          </section>
        </div>
        <div
          class="lg:bg-gradient-to-l from-zinc-800 to-slate-300 lg:py-16 h-[947px] overflow-y-auto w-full"
        >
          <div
            class="grid lg:grid-cols-3 md:grid-cols-2 gap-5 md:px-20 px-8"
          >
            <div
              class="lg:bg-white rounded-lg pb-10"
            >
              <img
                alt="..."
                class="rounded-t-lg shadow-lg w-full"
                data-nimg="1"
                decoding="async"
                height="1080"
                loading="lazy"
                src="/_next/image?url=%2FproductImg.png&w=3840&q=75"
                srcset="/_next/image?url=%2FproductImg.png&w=1920&q=75 1x, /_next/image?url=%2FproductImg.png&w=3840&q=75 2x"
                style="color: transparent;"
                width="1920"
              />
              <div
                class="mx-3"
              >
                <div
                  class="flex justify-between my-4"
                >
                  <div
                    class="text-left"
                  >
                    <h2
                      class="font-semibold"
                    >
                      Moog Synthesizer
                    </h2>
                    <p
                      class="font-extralight text-xs"
                    >
                      Books
                    </p>
                  </div>
                  <div>
                    <h2
                      class="font-extrabold text-xl text-right"
                    >
                      $
                      10
                    </h2>
                    <p
                      class="font-extralight text-xs"
                    >
                      Istanbul / Turkey
                    </p>
                  </div>
                </div>
                <div>
                  <p>
                    <span
                      class="font-extrabold"
                    >
                       Listing Date:
                    </span>
                     
                    01/04/2023
                  </p>
                  <p>
                    <span
                      class="font-extrabold"
                    >
                       Category:
                    </span>
                    <br />
                     
                    Books
                  </p>
                </div>
              </div>
            </div>
            <div
              class="lg:bg-white rounded-lg pb-10"
            >
              <img
                alt="..."
                class="rounded-t-lg shadow-lg w-full"
                data-nimg="1"
                decoding="async"
                height="1080"
                loading="lazy"
                src="/_next/image?url=%2FproductImg.png&w=3840&q=75"
                srcset="/_next/image?url=%2FproductImg.png&w=1920&q=75 1x, /_next/image?url=%2FproductImg.png&w=3840&q=75 2x"
                style="color: transparent;"
                width="1920"
              />
              <div
                class="mx-3"
              >
                <div
                  class="flex justify-between my-4"
                >
                  <div
                    class="text-left"
                  >
                    <h2
                      class="font-semibold"
                    >
                      Moog Synthesizer
                    </h2>
                    <p
                      class="font-extralight text-xs"
                    >
                      Furniture
                    </p>
                  </div>
                  <div>
                    <h2
                      class="font-extrabold text-xl text-right"
                    >
                      $
                      20
                    </h2>
                    <p
                      class="font-extralight text-xs"
                    >
                      Istanbul / Turkey
                    </p>
                  </div>
                </div>
                <div>
                  <p>
                    <span
                      class="font-extrabold"
                    >
                       Listing Date:
                    </span>
                     
                    03/04/2023
                  </p>
                  <p>
                    <span
                      class="font-extrabold"
                    >
                       Category:
                    </span>
                    <br />
                     
                    Furniture
                  </p>
                </div>
              </div>
            </div>
            <div
              class="lg:bg-white rounded-lg pb-10"
            >
              <img
                alt="..."
                class="rounded-t-lg shadow-lg w-full"
                data-nimg="1"
                decoding="async"
                height="1080"
                loading="lazy"
                src="/_next/image?url=%2FproductImg.png&w=3840&q=75"
                srcset="/_next/image?url=%2FproductImg.png&w=1920&q=75 1x, /_next/image?url=%2FproductImg.png&w=3840&q=75 2x"
                style="color: transparent;"
                width="1920"
              />
              <div
                class="mx-3"
              >
                <div
                  class="flex justify-between my-4"
                >
                  <div
                    class="text-left"
                  >
                    <h2
                      class="font-semibold"
                    >
                      Moog Synthesizer
                    </h2>
                    <p
                      class="font-extralight text-xs"
                    >
                      Furniture
                    </p>
                  </div>
                  <div>
                    <h2
                      class="font-extrabold text-xl text-right"
                    >
                      $
                      30
                    </h2>
                    <p
                      class="font-extralight text-xs"
                    >
                      Istanbul / Turkey
                    </p>
                  </div>
                </div>
                <div>
                  <p>
                    <span
                      class="font-extrabold"
                    >
                       Listing Date:
                    </span>
                     
                    05/04/2023
                  </p>
                  <p>
                    <span
                      class="font-extrabold"
                    >
                       Category:
                    </span>
                    <br />
                     
                    Furniture
                  </p>
                </div>
              </div>
            </div>
            <div
              class="lg:bg-white rounded-lg pb-10"
            >
              <img
                alt="..."
                class="rounded-t-lg shadow-lg w-full"
                data-nimg="1"
                decoding="async"
                height="1080"
                loading="lazy"
                src="/_next/image?url=%2FproductImg.png&w=3840&q=75"
                srcset="/_next/image?url=%2FproductImg.png&w=1920&q=75 1x, /_next/image?url=%2FproductImg.png&w=3840&q=75 2x"
                style="color: transparent;"
                width="1920"
              />
              <div
                class="mx-3"
              >
                <div
                  class="flex justify-between my-4"
                >
                  <div
                    class="text-left"
                  >
                    <h2
                      class="font-semibold"
                    >
                      Moog Synthesizer
                    </h2>
                    <p
                      class="font-extralight text-xs"
                    >
                      Electronics
                    </p>
                  </div>
                  <div>
                    <h2
                      class="font-extrabold text-xl text-right"
                    >
                      $
                      40
                    </h2>
                    <p
                      class="font-extralight text-xs"
                    >
                      Istanbul / Turkey
                    </p>
                  </div>
                </div>
                <div>
                  <p>
                    <span
                      class="font-extrabold"
                    >
                       Listing Date:
                    </span>
                     
                    07/04/2023
                  </p>
                  <p>
                    <span
                      class="font-extrabold"
                    >
                       Category:
                    </span>
                    <br />
                     
                    Electronics
                  </p>
                </div>
              </div>
            </div>
            <div
              class="lg:bg-white rounded-lg pb-10"
            >
              <img
                alt="..."
                class="rounded-t-lg shadow-lg w-full"
                data-nimg="1"
                decoding="async"
                height="1080"
                loading="lazy"
                src="/_next/image?url=%2FproductImg.png&w=3840&q=75"
                srcset="/_next/image?url=%2FproductImg.png&w=1920&q=75 1x, /_next/image?url=%2FproductImg.png&w=3840&q=75 2x"
                style="color: transparent;"
                width="1920"
              />
              <div
                class="mx-3"
              >
                <div
                  class="flex justify-between my-4"
                >
                  <div
                    class="text-left"
                  >
                    <h2
                      class="font-semibold"
                    >
                      Moog Synthesizer
                    </h2>
                    <p
                      class="font-extralight text-xs"
                    >
                      Two-wheeler
                    </p>
                  </div>
                  <div>
                    <h2
                      class="font-extrabold text-xl text-right"
                    >
                      $
                      50
                    </h2>
                    <p
                      class="font-extralight text-xs"
                    >
                      Istanbul / Turkey
                    </p>
                  </div>
                </div>
                <div>
                  <p>
                    <span
                      class="font-extrabold"
                    >
                       Listing Date:
                    </span>
                     
                    09/04/2023
                  </p>
                  <p>
                    <span
                      class="font-extrabold"
                    >
                       Category:
                    </span>
                    <br />
                     
                    Two-wheeler
                  </p>
                </div>
              </div>
            </div>
            <div
              class="lg:bg-white rounded-lg pb-10"
            >
              <img
                alt="..."
                class="rounded-t-lg shadow-lg w-full"
                data-nimg="1"
                decoding="async"
                height="1080"
                loading="lazy"
                src="/_next/image?url=%2FproductImg.png&w=3840&q=75"
                srcset="/_next/image?url=%2FproductImg.png&w=1920&q=75 1x, /_next/image?url=%2FproductImg.png&w=3840&q=75 2x"
                style="color: transparent;"
                width="1920"
              />
              <div
                class="mx-3"
              >
                <div
                  class="flex justify-between my-4"
                >
                  <div
                    class="text-left"
                  >
                    <h2
                      class="font-semibold"
                    >
                      Moog Synthesizer
                    </h2>
                    <p
                      class="font-extralight text-xs"
                    >
                      Two-wheeler
                    </p>
                  </div>
                  <div>
                    <h2
                      class="font-extrabold text-xl text-right"
                    >
                      $
                      60
                    </h2>
                    <p
                      class="font-extralight text-xs"
                    >
                      Istanbul / Turkey
                    </p>
                  </div>
                </div>
                <div>
                  <p>
                    <span
                      class="font-extrabold"
                    >
                       Listing Date:
                    </span>
                     
                    11/04/2023
                  </p>
                  <p>
                    <span
                      class="font-extrabold"
                    >
                       Category:
                    </span>
                    <br />
                     
                    Two-wheeler
                  </p>
                </div>
              </div>
            </div>
            <div
              class="lg:bg-white rounded-lg pb-10"
            >
              <img
                alt="..."
                class="rounded-t-lg shadow-lg w-full"
                data-nimg="1"
                decoding="async"
                height="1080"
                loading="lazy"
                src="/_next/image?url=%2FproductImg.png&w=3840&q=75"
                srcset="/_next/image?url=%2FproductImg.png&w=1920&q=75 1x, /_next/image?url=%2FproductImg.png&w=3840&q=75 2x"
                style="color: transparent;"
                width="1920"
              />
              <div
                class="mx-3"
              >
                <div
                  class="flex justify-between my-4"
                >
                  <div
                    class="text-left"
                  >
                    <h2
                      class="font-semibold"
                    >
                      Moog Synthesizer
                    </h2>
                    <p
                      class="font-extralight text-xs"
                    >
                      Two-wheeler
                    </p>
                  </div>
                  <div>
                    <h2
                      class="font-extrabold text-xl text-right"
                    >
                      $
                      70
                    </h2>
                    <p
                      class="font-extralight text-xs"
                    >
                      Istanbul / Turkey
                    </p>
                  </div>
                </div>
                <div>
                  <p>
                    <span
                      class="font-extrabold"
                    >
                       Listing Date:
                    </span>
                     
                    13/04/2023
                  </p>
                  <p>
                    <span
                      class="font-extrabold"
                    >
                       Category:
                    </span>
                    <br />
                     
                    Two-wheeler
                  </p>
                </div>
              </div>
            </div>
            <div
              class="lg:bg-white rounded-lg pb-10"
            >
              <img
                alt="..."
                class="rounded-t-lg shadow-lg w-full"
                data-nimg="1"
                decoding="async"
                height="1080"
                loading="lazy"
                src="/_next/image?url=%2FproductImg.png&w=3840&q=75"
                srcset="/_next/image?url=%2FproductImg.png&w=1920&q=75 1x, /_next/image?url=%2FproductImg.png&w=3840&q=75 2x"
                style="color: transparent;"
                width="1920"
              />
              <div
                class="mx-3"
              >
                <div
                  class="flex justify-between my-4"
                >
                  <div
                    class="text-left"
                  >
                    <h2
                      class="font-semibold"
                    >
                      Moog Synthesizer
                    </h2>
                    <p
                      class="font-extralight text-xs"
                    >
                      Two-wheeler
                    </p>
                  </div>
                  <div>
                    <h2
                      class="font-extrabold text-xl text-right"
                    >
                      $
                      80
                    </h2>
                    <p
                      class="font-extralight text-xs"
                    >
                      Istanbul / Turkey
                    </p>
                  </div>
                </div>
                <div>
                  <p>
                    <span
                      class="font-extrabold"
                    >
                       Listing Date:
                    </span>
                     
                    15/04/2023
                  </p>
                  <p>
                    <span
                      class="font-extrabold"
                    >
                       Category:
                    </span>
                    <br />
                     
                    Two-wheeler
                  </p>
                </div>
              </div>
            </div>
            <div
              class="lg:bg-white rounded-lg pb-10"
            >
              <img
                alt="..."
                class="rounded-t-lg shadow-lg w-full"
                data-nimg="1"
                decoding="async"
                height="1080"
                loading="lazy"
                src="/_next/image?url=%2FproductImg.png&w=3840&q=75"
                srcset="/_next/image?url=%2FproductImg.png&w=1920&q=75 1x, /_next/image?url=%2FproductImg.png&w=3840&q=75 2x"
                style="color: transparent;"
                width="1920"
              />
              <div
                class="mx-3"
              >
                <div
                  class="flex justify-between my-4"
                >
                  <div
                    class="text-left"
                  >
                    <h2
                      class="font-semibold"
                    >
                      Moog Synthesizer
                    </h2>
                    <p
                      class="font-extralight text-xs"
                    >
                      Two-wheeler
                    </p>
                  </div>
                  <div>
                    <h2
                      class="font-extrabold text-xl text-right"
                    >
                      $
                      90
                    </h2>
                    <p
                      class="font-extralight text-xs"
                    >
                      Istanbul / Turkey
                    </p>
                  </div>
                </div>
                <div>
                  <p>
                    <span
                      class="font-extrabold"
                    >
                       Listing Date:
                    </span>
                     
                    17/04/2023
                  </p>
                  <p>
                    <span
                      class="font-extrabold"
                    >
                       Category:
                    </span>
                    <br />
                     
                    Two-wheeler
                  </p>
                </div>
              </div>
            </div>
            <div
              class="lg:bg-white rounded-lg pb-10"
            >
              <img
                alt="..."
                class="rounded-t-lg shadow-lg w-full"
                data-nimg="1"
                decoding="async"
                height="1080"
                loading="lazy"
                src="/_next/image?url=%2FproductImg.png&w=3840&q=75"
                srcset="/_next/image?url=%2FproductImg.png&w=1920&q=75 1x, /_next/image?url=%2FproductImg.png&w=3840&q=75 2x"
                style="color: transparent;"
                width="1920"
              />
              <div
                class="mx-3"
              >
                <div
                  class="flex justify-between my-4"
                >
                  <div
                    class="text-left"
                  >
                    <h2
                      class="font-semibold"
                    >
                      Moog Synthesizer
                    </h2>
                    <p
                      class="font-extralight text-xs"
                    >
                      Two-wheeler
                    </p>
                  </div>
                  <div>
                    <h2
                      class="font-extrabold text-xl text-right"
                    >
                      $
                      100
                    </h2>
                    <p
                      class="font-extralight text-xs"
                    >
                      Istanbul / Turkey
                    </p>
                  </div>
                </div>
                <div>
                  <p>
                    <span
                      class="font-extrabold"
                    >
                       Listing Date:
                    </span>
                     
                    19/04/2023
                  </p>
                  <p>
                    <span
                      class="font-extrabold"
                    >
                       Category:
                    </span>
                    <br />
                     
                    Two-wheeler
                  </p>
                </div>
              </div>
            </div>
            <div
              class="lg:bg-white rounded-lg pb-10"
            >
              <img
                alt="..."
                class="rounded-t-lg shadow-lg w-full"
                data-nimg="1"
                decoding="async"
                height="1080"
                loading="lazy"
                src="/_next/image?url=%2FproductImg.png&w=3840&q=75"
                srcset="/_next/image?url=%2FproductImg.png&w=1920&q=75 1x, /_next/image?url=%2FproductImg.png&w=3840&q=75 2x"
                style="color: transparent;"
                width="1920"
              />
              <div
                class="mx-3"
              >
                <div
                  class="flex justify-between my-4"
                >
                  <div
                    class="text-left"
                  >
                    <h2
                      class="font-semibold"
                    >
                      Moog Synthesizer
                    </h2>
                    <p
                      class="font-extralight text-xs"
                    >
                      Electronics
                    </p>
                  </div>
                  <div>
                    <h2
                      class="font-extrabold text-xl text-right"
                    >
                      $
                      200
                    </h2>
                    <p
                      class="font-extralight text-xs"
                    >
                      Istanbul / Turkey
                    </p>
                  </div>
                </div>
                <div>
                  <p>
                    <span
                      class="font-extrabold"
                    >
                       Listing Date:
                    </span>
                     
                    21/04/2023
                  </p>
                  <p>
                    <span
                      class="font-extrabold"
                    >
                       Category:
                    </span>
                    <br />
                     
                    Electronics
                  </p>
                </div>
              </div>
            </div>
            <div
              class="lg:bg-white rounded-lg pb-10"
            >
              <img
                alt="..."
                class="rounded-t-lg shadow-lg w-full"
                data-nimg="1"
                decoding="async"
                height="1080"
                loading="lazy"
                src="/_next/image?url=%2FproductImg.png&w=3840&q=75"
                srcset="/_next/image?url=%2FproductImg.png&w=1920&q=75 1x, /_next/image?url=%2FproductImg.png&w=3840&q=75 2x"
                style="color: transparent;"
                width="1920"
              />
              <div
                class="mx-3"
              >
                <div
                  class="flex justify-between my-4"
                >
                  <div
                    class="text-left"
                  >
                    <h2
                      class="font-semibold"
                    >
                      Moog Synthesizer
                    </h2>
                    <p
                      class="font-extralight text-xs"
                    >
                      Electronics
                    </p>
                  </div>
                  <div>
                    <h2
                      class="font-extrabold text-xl text-right"
                    >
                      $
                      300
                    </h2>
                    <p
                      class="font-extralight text-xs"
                    >
                      Istanbul / Turkey
                    </p>
                  </div>
                </div>
                <div>
                  <p>
                    <span
                      class="font-extrabold"
                    >
                       Listing Date:
                    </span>
                     
                    23/04/2023
                  </p>
                  <p>
                    <span
                      class="font-extrabold"
                    >
                       Category:
                    </span>
                    <br />
                     
                    Electronics
                  </p>
                </div>
              </div>
            </div>
            <div
              class="lg:bg-white rounded-lg pb-10"
            >
              <img
                alt="..."
                class="rounded-t-lg shadow-lg w-full"
                data-nimg="1"
                decoding="async"
                height="1080"
                loading="lazy"
                src="/_next/image?url=%2FproductImg.png&w=3840&q=75"
                srcset="/_next/image?url=%2FproductImg.png&w=1920&q=75 1x, /_next/image?url=%2FproductImg.png&w=3840&q=75 2x"
                style="color: transparent;"
                width="1920"
              />
              <div
                class="mx-3"
              >
                <div
                  class="flex justify-between my-4"
                >
                  <div
                    class="text-left"
                  >
                    <h2
                      class="font-semibold"
                    >
                      Moog Synthesizer
                    </h2>
                    <p
                      class="font-extralight text-xs"
                    >
                      Electronics
                    </p>
                  </div>
                  <div>
                    <h2
                      class="font-extrabold text-xl text-right"
                    >
                      $
                      500
                    </h2>
                    <p
                      class="font-extralight text-xs"
                    >
                      Istanbul / Turkey
                    </p>
                  </div>
                </div>
                <div>
                  <p>
                    <span
                      class="font-extrabold"
                    >
                       Listing Date:
                    </span>
                     
                    25/04/2023
                  </p>
                  <p>
                    <span
                      class="font-extrabold"
                    >
                       Category:
                    </span>
                    <br />
                     
                    Electronics
                  </p>
                </div>
              </div>
            </div>
            <div
              class="lg:bg-white rounded-lg pb-10"
            >
              <img
                alt="..."
                class="rounded-t-lg shadow-lg w-full"
                data-nimg="1"
                decoding="async"
                height="1080"
                loading="lazy"
                src="/_next/image?url=%2FproductImg.png&w=3840&q=75"
                srcset="/_next/image?url=%2FproductImg.png&w=1920&q=75 1x, /_next/image?url=%2FproductImg.png&w=3840&q=75 2x"
                style="color: transparent;"
                width="1920"
              />
              <div
                class="mx-3"
              >
                <div
                  class="flex justify-between my-4"
                >
                  <div
                    class="text-left"
                  >
                    <h2
                      class="font-semibold"
                    >
                      Moog Synthesizer
                    </h2>
                    <p
                      class="font-extralight text-xs"
                    >
                      Electronics
                    </p>
                  </div>
                  <div>
                    <h2
                      class="font-extrabold text-xl text-right"
                    >
                      $
                      600
                    </h2>
                    <p
                      class="font-extralight text-xs"
                    >
                      Istanbul / Turkey
                    </p>
                  </div>
                </div>
                <div>
                  <p>
                    <span
                      class="font-extrabold"
                    >
                       Listing Date:
                    </span>
                     
                    27/04/2023
                  </p>
                  <p>
                    <span
                      class="font-extrabold"
                    >
                       Category:
                    </span>
                    <br />
                     
                    Electronics
                  </p>
                </div>
              </div>
            </div>
            <div
              class="lg:bg-white rounded-lg pb-10"
            >
              <img
                alt="..."
                class="rounded-t-lg shadow-lg w-full"
                data-nimg="1"
                decoding="async"
                height="1080"
                loading="lazy"
                src="/_next/image?url=%2FproductImg.png&w=3840&q=75"
                srcset="/_next/image?url=%2FproductImg.png&w=1920&q=75 1x, /_next/image?url=%2FproductImg.png&w=3840&q=75 2x"
                style="color: transparent;"
                width="1920"
              />
              <div
                class="mx-3"
              >
                <div
                  class="flex justify-between my-4"
                >
                  <div
                    class="text-left"
                  >
                    <h2
                      class="font-semibold"
                    >
                      Moog Synthesizer
                    </h2>
                    <p
                      class="font-extralight text-xs"
                    >
                      Electronics
                    </p>
                  </div>
                  <div>
                    <h2
                      class="font-extrabold text-xl text-right"
                    >
                      $
                      700
                    </h2>
                    <p
                      class="font-extralight text-xs"
                    >
                      Istanbul / Turkey
                    </p>
                  </div>
                </div>
                <div>
                  <p>
                    <span
                      class="font-extrabold"
                    >
                       Listing Date:
                    </span>
                     
                    01/05/2023
                  </p>
                  <p>
                    <span
                      class="font-extrabold"
                    >
                       Category:
                    </span>
                    <br />
                     
                    Electronics
                  </p>
                </div>
              </div>
            </div>
            <div
              class="lg:bg-white rounded-lg pb-10"
            >
              <img
                alt="..."
                class="rounded-t-lg shadow-lg w-full"
                data-nimg="1"
                decoding="async"
                height="1080"
                loading="lazy"
                src="/_next/image?url=%2FproductImg.png&w=3840&q=75"
                srcset="/_next/image?url=%2FproductImg.png&w=1920&q=75 1x, /_next/image?url=%2FproductImg.png&w=3840&q=75 2x"
                style="color: transparent;"
                width="1920"
              />
              <div
                class="mx-3"
              >
                <div
                  class="flex justify-between my-4"
                >
                  <div
                    class="text-left"
                  >
                    <h2
                      class="font-semibold"
                    >
                      Moog Synthesizer
                    </h2>
                    <p
                      class="font-extralight text-xs"
                    >
                      Electronics
                    </p>
                  </div>
                  <div>
                    <h2
                      class="font-extrabold text-xl text-right"
                    >
                      $
                      800
                    </h2>
                    <p
                      class="font-extralight text-xs"
                    >
                      Istanbul / Turkey
                    </p>
                  </div>
                </div>
                <div>
                  <p>
                    <span
                      class="font-extrabold"
                    >
                       Listing Date:
                    </span>
                     
                    03/05/2023
                  </p>
                  <p>
                    <span
                      class="font-extrabold"
                    >
                       Category:
                    </span>
                    <br />
                     
                    Electronics
                  </p>
                </div>
              </div>
            </div>
          </div>
        </div>
      </section>
    </section>
  </div>,
  "debug": [Function],
  "findAllByAltText": [Function],
  "findAllByDisplayValue": [Function],
  "findAllByLabelText": [Function],
  "findAllByPlaceholderText": [Function],
  "findAllByRole": [Function],
  "findAllByTestId": [Function],
  "findAllByText": [Function],
  "findAllByTitle": [Function],
  "findByAltText": [Function],
  "findByDisplayValue": [Function],
  "findByLabelText": [Function],
  "findByPlaceholderText": [Function],
  "findByRole": [Function],
  "findByTestId": [Function],
  "findByText": [Function],
  "findByTitle": [Function],
  "getAllByAltText": [Function],
  "getAllByDisplayValue": [Function],
  "getAllByLabelText": [Function],
  "getAllByPlaceholderText": [Function],
  "getAllByRole": [Function],
  "getAllByTestId": [Function],
  "getAllByText": [Function],
  "getAllByTitle": [Function],
  "getByAltText": [Function],
  "getByDisplayValue": [Function],
  "getByLabelText": [Function],
  "getByPlaceholderText": [Function],
  "getByRole": [Function],
  "getByTestId": [Function],
  "getByText": [Function],
  "getByTitle": [Function],
  "queryAllByAltText": [Function],
  "queryAllByDisplayValue": [Function],
  "queryAllByLabelText": [Function],
  "queryAllByPlaceholderText": [Function],
  "queryAllByRole": [Function],
  "queryAllByTestId": [Function],
  "queryAllByText": [Function],
  "queryAllByTitle": [Function],
  "queryByAltText": [Function],
  "queryByDisplayValue": [Function],
  "queryByLabelText": [Function],
  "queryByPlaceholderText": [Function],
  "queryByRole": [Function],
  "queryByTestId": [Function],
  "queryByText": [Function],
  "queryByTitle": [Function],
  "rerender": [Function],
  "unmount": [Function],
}
`;
