// Jest Snapshot v1, https://goo.gl/fbAQLP

exports[`renders correctly 1`] = `
<div
  className="items-center bg-gray-50 rounded-lg shadow flex-col sm:flex lg:flex-row"
>
  <img
    alt="profile"
    className="rounded w-[250px] h-[270px]"
    data-nimg="1"
    decoding="async"
    height={1080}
    loading="lazy"
    onError={[Function]}
    onLoad={[Function]}
    src=""
    style={
      {
        "color": "transparent",
      }
    }
    width={1920}
  />
  <div
    className="p-5"
  >
    <h3
      className="text-xl font-bold tracking-tight text-black"
    />
    <span
      className="text-gray-500"
    />
    <p
      className="mt-3 mb-4 font-semibold text-gray-500"
    />
    <ul
      className="flex space-x-4 sm:mt-0"
    >
      <li>
        <a
          className="text-gray-500 hover:text-gray-900"
        >
          <img
            alt="facebook"
            data-nimg="1"
            decoding="async"
            height={35}
            loading="lazy"
            onError={[Function]}
            onLoad={[Function]}
            src="/images/facebook-circle.svg"
            style={
              {
                "color": "transparent",
              }
            }
            width={35}
          />
        </a>
      </li>
      <li>
        <a
          className="text-gray-500 hover:text-gray-900"
        >
          <img
            alt="twitter"
            data-nimg="1"
            decoding="async"
            height={35}
            loading="lazy"
            onError={[Function]}
            onLoad={[Function]}
            src="/images/twitter-circle.svg"
            style={
              {
                "color": "transparent",
              }
            }
            width={35}
          />
        </a>
      </li>
      <li>
        <a
          className="text-gray-500 hover:text-gray-900"
        >
          <img
            alt="github"
            data-nimg="1"
            decoding="async"
            height={35}
            loading="lazy"
            onError={[Function]}
            onLoad={[Function]}
            src="/images/github.svg"
            style={
              {
                "color": "transparent",
              }
            }
            width={35}
          />
        </a>
      </li>
      <li>
        <a
          className="text-gray-500 hover:text-gray-900"
        >
          <img
            alt="linkedin"
            data-nimg="1"
            decoding="async"
            height={35}
            loading="lazy"
            onError={[Function]}
            onLoad={[Function]}
            src="images/linkedin-circle.svg"
            style={
              {
                "color": "transparent",
              }
            }
            width={35}
          />
        </a>
      </li>
    </ul>
  </div>
</div>
`;
